V6 DET4_FAST=1 numba_threads=3 gate_kappa_cap=1e6 det4_all=1 refine=adam/price top10 x100 lr0.02 pen cv=10@0.05 kappa=30@0.05 vol=20@0.02 tuner_skip=1/1
V3 positivity=300 const_range=30 refine=40x top4
V3 box=0.25,0.0494,0.1155 shape=300 rho_mult=1.0 cert=500 vdot=0
CP3D strict margin predicate: violation iff margin > -1.0e-09  (a == 0 is now a violation)
3DCartPole reference = ARE solution; eig(PA+A'P) on {B'Px=0} = [-3.79816  -0.045537]  (must be [-1, -1])
3DCartPole V_GRAD targets: 6.6741 / 2.4507
3DCartPolerV6 DET4 mode: rho=1000 pd_eps=0.0001 kappa_min=0 ROA weight=500 target=0.004; GPU5_7 scheduling (cheap screen on every gate-1 pass, full check if max a/W <= 0.15 or certified, escalation 2); elites 10 x 100 steps; origin exclusion 0 (absolute root check ball 0.0011)
CP3D JAX devices: TFRT_CPU_0
[265s]  SMOKE V3 DET4 PASS
Project root: /home/qaragoez/symclf_clean/symclf
PYTHONPATH: /home/qaragoez/symclf_clean/symclf/examples/3DCartPolerV6:/home/qaragoez/symclf_clean/symclf:
Conda environment: /home/qaragoez/miniforge3/envs/flex
Python: /home/qaragoez/miniforge3/envs/flex/bin/python
Python 3.12.0
Ray Python package: 2.55.1 /home/qaragoez/miniforge3/envs/flex/lib/python3.12/site-packages/ray/__init__.py
JAX: 0.5.0 devices: [CudaDevice(id=0), CudaDevice(id=1), CudaDevice(id=2)]
GPU 0: NVIDIA A100-PCIE-40GB (UUID: GPU-8806a028-3fad-4d77-cd1f-e35537f6ba08)
GPU 1: NVIDIA A100-PCIE-40GB (UUID: GPU-5fed31ff-efb8-eddd-10a0-3e59d233cab1)
GPU 2: NVIDIA A100-PCIE-40GB (UUID: GPU-27a4ce9b-4204-cd33-f46c-b27e50f5a18a)
Ray CLI: /home/qaragoez/miniforge3/envs/flex/bin/ray
ray, version 2.55.1
Allocated nodes: s02n01
Head node: s02n01
Head IP: 10.10.2.1
Head address: 10.10.2.1:44453
Starting Ray head on s02n01...
2026-09-11 15:39:19,145	INFO usage_lib.py:474 -- Usage stats collection is enabled by default without user confirmation because this terminal is detected to be non-interactive. To disable this, add `--disable-usage-stats` to the command that starts the cluster, or run the following command: `ray disable-usage-stats` before starting the cluster. See https://docs.ray.io/en/master/cluster/usage-stats.html for more details.
2026-09-11 15:39:19,146	INFO scripts.py:940 -- [37mLocal node IP[39m: [1m10.10.2.1[22m
2026-09-11 15:39:27,255	SUCC scripts.py:979 -- [32m--------------------[39m
2026-09-11 15:39:27,256	SUCC scripts.py:980 -- [32mRay runtime started.[39m
2026-09-11 15:39:27,256	SUCC scripts.py:981 -- [32m--------------------[39m
2026-09-11 15:39:27,256	INFO scripts.py:983 -- [36mNext steps[39m
2026-09-11 15:39:27,256	INFO scripts.py:986 -- To add another node to this Ray cluster, run
2026-09-11 15:39:27,256	INFO scripts.py:989 -- [1m  ray start --address='10.10.2.1:44453'[22m
2026-09-11 15:39:27,256	INFO scripts.py:1000 -- To connect to this Ray cluster:
2026-09-11 15:39:27,256	INFO scripts.py:1002 -- [35mimport[39m[26m ray
2026-09-11 15:39:27,256	INFO scripts.py:1003 -- ray[35m.[39m[26minit(_node_ip_address[35m=[39m[26m[33m'10.10.2.1'[39m[26m)
2026-09-11 15:39:27,256	INFO scripts.py:1036 -- To terminate the Ray runtime, run
2026-09-11 15:39:27,256	INFO scripts.py:1037 -- [1m  ray stop[22m
2026-09-11 15:39:27,256	INFO scripts.py:1040 -- To view the status of the cluster, use
2026-09-11 15:39:27,256	INFO scripts.py:1041 --   [1mray status[22m[26m
2026-09-11 15:39:27,257	INFO scripts.py:1159 -- [36m[1m--block[22m[39m
2026-09-11 15:39:27,257	INFO scripts.py:1160 -- This command will now block forever until terminated by a signal.
2026-09-11 15:39:27,257	INFO scripts.py:1163 -- Running subprocesses are monitored and a message will be printed if any of them terminate unexpectedly. Subprocesses exit with SIGTERM will be treated as graceful, thus NOT reported.
2026-09-11 15:39:27,257	INFO scripts.py:1168 -- Process exit logs will be saved to: [1m/tmp/ray/session_2026-09-11_15-39-19_147186_1627130/logs/ray_process_exit.log[22m[26m
Ray cluster status:
======== Autoscaler status: 2026-09-11 15:39:55.814821 ========
Node status
---------------------------------------------------------------
Active:
 1 node_22f3d1fa094f0c8ba53d4d8b02e8d2452498fcb037d541645a19a2c8
Pending:
 (no pending nodes)
Recent failures:
 (no failures)

Resources
---------------------------------------------------------------
Total Usage:
 0.0/32.0 CPU
 0.0/3.0 GPU
 0B/176.03GiB memory
 0B/75.44GiB object_store_memory

From request_resources:
 (none)
Pending Demands:
 (no resource demands)
Starting run.py (CP3D V6 penalties + price-selected Adam elites; well-conditioned reference + local constant refinement)...
CP3D strict margin predicate: violation iff margin > -1.0e-09  (a == 0 is now a violation)
3DCartPole reference = ARE solution; eig(PA+A'P) on {B'Px=0} = [-3.79816  -0.045537]  (must be [-1, -1])
3DCartPole V_GRAD targets: 6.6741 / 2.4507
3DCartPolerV6 DET4 mode: rho=1000 pd_eps=0.0001 kappa_min=0 ROA weight=500 target=0.004; GPU5_7 scheduling (cheap screen on every gate-1 pass, full check if max a/W <= 0.15 or certified, escalation 2); elites 10 x 100 steps; origin exclusion 0 (absolute root check ball 0.0011)
V2 box half-widths = (0.25, 0.0494, 0.1155)  grid = 41^3
GPU5 Ray resources: {'accelerator_type:A100': 1.0, 'GPU': 3.0, 'object_store_memory': 81005278003.0, 'node:__internal_head__': 1.0, 'CPU': 32.0, 'node:10.10.2.1': 1.0, 'memory': 189012315341.0}
GPU5 GP hyperparameters: population=2500 (num_individuals=500 x num_islands=5), generations=20000, crossover=0.7, mutation=0.3, reg_param=0.005, mig_freq=10, mig_frac=0.05
[36m(GPUFitnessActor pid=1627699)[0m CP3D strict margin predicate: violation iff margin > -1.0e-09  (a == 0 is now a violation)
[36m(GPUFitnessActor pid=1627699)[0m 3DCartPole reference = ARE solution; eig(PA+A'P) on {B'Px=0} = [-3.79816  -0.045537]  (must be [-1, -1])
[36m(GPUFitnessActor pid=1627699)[0m 3DCartPole V_GRAD targets: 6.6741 / 2.4507
[36m(GPUFitnessActor pid=1627699)[0m 3DCartPolerV6 DET4 mode: rho=1000 pd_eps=0.0001 kappa_min=0 ROA weight=500 target=0.004; GPU5_7 scheduling (cheap screen on every gate-1 pass, full check if max a/W <= 0.15 or certified, escalation 2); elites 10 x 100 steps; origin exclusion 0 (absolute root check ball 0.0011)
[36m(GPUFitnessActor pid=1627695)[0m CP3D strict margin predicate: violation iff margin > -1.0e-09  (a == 0 is now a violation)
[36m(GPUFitnessActor pid=1627695)[0m 3DCartPole reference = ARE solution; eig(PA+A'P) on {B'Px=0} = [-3.79816  -0.045537]  (must be [-1, -1])
[36m(GPUFitnessActor pid=1627695)[0m 3DCartPole V_GRAD targets: 6.6741 / 2.4507
[36m(GPUFitnessActor pid=1627695)[0m 3DCartPolerV6 DET4 mode: rho=1000 pd_eps=0.0001 kappa_min=0 ROA weight=500 target=0.004; GPU5_7 scheduling (cheap screen on every gate-1 pass, full check if max a/W <= 0.15 or certified, escalation 2); elites 10 x 100 steps; origin exclusion 0 (absolute root check ball 0.0011)
[36m(GPUFitnessActor pid=1627697)[0m CP3D strict margin predicate: violation iff margin > -1.0e-09  (a == 0 is now a violation)
[36m(GPUFitnessActor pid=1627698)[0m CP3D strict margin predicate: violation iff margin > -1.0e-09  (a == 0 is now a violation)
[36m(GPUFitnessActor pid=1627698)[0m 3DCartPole reference = ARE solution; eig(PA+A'P) on {B'Px=0} = [-3.79816  -0.045537]  (must be [-1, -1])
[36m(GPUFitnessActor pid=1627701)[0m CP3D strict margin predicate: violation iff margin > -1.0e-09  (a == 0 is now a violation)
[36m(GPUFitnessActor pid=1627701)[0m 3DCartPole reference = ARE solution; eig(PA+A'P) on {B'Px=0} = [-3.79816  -0.045537]  (must be [-1, -1])
[36m(GPUFitnessActor pid=1627694)[0m CP3D strict margin predicate: violation iff margin > -1.0e-09  (a == 0 is now a violation)
[36m(GPUFitnessActor pid=1627694)[0m 3DCartPole reference = ARE solution; eig(PA+A'P) on {B'Px=0} = [-3.79816  -0.045537]  (must be [-1, -1])
[36m(GPUFitnessActor pid=1627694)[0m 3DCartPole V_GRAD targets: 6.6741 / 2.4507
[36m(GPUFitnessActor pid=1627694)[0m 3DCartPolerV6 DET4 mode: rho=1000 pd_eps=0.0001 kappa_min=0 ROA weight=500 target=0.004; GPU5_7 scheduling (cheap screen on every gate-1 pass, full check if max a/W <= 0.15 or certified, escalation 2); elites 10 x 100 steps; origin exclusion 0 (absolute root check ball 0.0011)
[36m(GPUFitnessActor pid=1627702)[0m CP3D strict margin predicate: violation iff margin > -1.0e-09  (a == 0 is now a violation)
[36m(GPUFitnessActor pid=1627702)[0m 3DCartPole reference = ARE solution; eig(PA+A'P) on {B'Px=0} = [-3.79816  -0.045537]  (must be [-1, -1])
[36m(GPUFitnessActor pid=1627702)[0m 3DCartPole V_GRAD targets: 6.6741 / 2.4507
[36m(GPUFitnessActor pid=1627702)[0m 3DCartPolerV6 DET4 mode: rho=1000 pd_eps=0.0001 kappa_min=0 ROA weight=500 target=0.004; GPU5_7 scheduling (cheap screen on every gate-1 pass, full check if max a/W <= 0.15 or certified, escalation 2); elites 10 x 100 steps; origin exclusion 0 (absolute root check ball 0.0011)
[36m(GPUFitnessActor pid=1627703)[0m CP3D strict margin predicate: violation iff margin > -1.0e-09  (a == 0 is now a violation)
[36m(GPUFitnessActor pid=1627703)[0m 3DCartPole reference = ARE solution; eig(PA+A'P) on {B'Px=0} = [-3.79816  -0.045537]  (must be [-1, -1])
[36m(GPUFitnessActor pid=1627703)[0m 3DCartPole V_GRAD targets: 6.6741 / 2.4507
[36m(GPUFitnessActor pid=1627703)[0m 3DCartPolerV6 DET4 mode: rho=1000 pd_eps=0.0001 kappa_min=0 ROA weight=500 target=0.004; GPU5_7 scheduling (cheap screen on every gate-1 pass, full check if max a/W <= 0.15 or certified, escalation 2); elites 10 x 100 steps; origin exclusion 0 (absolute root check ball 0.0011)
[36m(GPUFitnessActor pid=1627705)[0m CP3D strict margin predicate: violation iff margin > -1.0e-09  (a == 0 is now a violation)
[36m(GPUFitnessActor pid=1627705)[0m 3DCartPole reference = ARE solution; eig(PA+A'P) on {B'Px=0} = [-3.79816  -0.045537]  (must be [-1, -1])
[36m(GPUFitnessActor pid=1627697)[0m 3DCartPole reference = ARE solution; eig(PA+A'P) on {B'Px=0} = [-3.79816  -0.045537]  (must be [-1, -1])
[36m(GPUFitnessActor pid=1627697)[0m 3DCartPole V_GRAD targets: 6.6741 / 2.4507
[36m(GPUFitnessActor pid=1627697)[0m 3DCartPolerV6 DET4 mode: rho=1000 pd_eps=0.0001 kappa_min=0 ROA weight=500 target=0.004; GPU5_7 scheduling (cheap screen on every gate-1 pass, full check if max a/W <= 0.15 or certified, escalation 2); elites 10 x 100 steps; origin exclusion 0 (absolute root check ball 0.0011)
[36m(GPUFitnessActor pid=1627698)[0m 3DCartPole V_GRAD targets: 6.6741 / 2.4507
[36m(GPUFitnessActor pid=1627698)[0m 3DCartPolerV6 DET4 mode: rho=1000 pd_eps=0.0001 kappa_min=0 ROA weight=500 target=0.004; GPU5_7 scheduling (cheap screen on every gate-1 pass, full check if max a/W <= 0.15 or certified, escalation 2); elites 10 x 100 steps; origin exclusion 0 (absolute root check ball 0.0011)
[36m(GPUFitnessActor pid=1627701)[0m 3DCartPole V_GRAD targets: 6.6741 / 2.4507
[36m(GPUFitnessActor pid=1627701)[0m 3DCartPolerV6 DET4 mode: rho=1000 pd_eps=0.0001 kappa_min=0 ROA weight=500 target=0.004; GPU5_7 scheduling (cheap screen on every gate-1 pass, full check if max a/W <= 0.15 or certified, escalation 2); elites 10 x 100 steps; origin exclusion 0 (absolute root check ball 0.0011)
[36m(GPUFitnessActor pid=1627705)[0m 3DCartPole V_GRAD targets: 6.6741 / 2.4507
[36m(GPUFitnessActor pid=1627705)[0m 3DCartPolerV6 DET4 mode: rho=1000 pd_eps=0.0001 kappa_min=0 ROA weight=500 target=0.004; GPU5_7 scheduling (cheap screen on every gate-1 pass, full check if max a/W <= 0.15 or certified, escalation 2); elites 10 x 100 steps; origin exclusion 0 (absolute root check ball 0.0011)
[36m(GPUFitnessActor pid=1627699)[0m CP3D JAX devices: cuda:0
[36m(GPUFitnessActor pid=1627697)[0m CP3D JAX devices: cuda:0
[36m(GPUFitnessActor pid=1627694)[0m CP3D JAX devices: cuda:0
[36m(GPUFitnessActor pid=1627702)[0m CP3D JAX devices: cuda:0
[36m(GPUFitnessActor pid=1627703)[0m CP3D JAX devices: cuda:0
[36m(GPUFitnessActor pid=1627705)[0m CP3D JAX devices: cuda:0
[36m(GPUFitnessActor pid=1627695)[0m CP3D JAX devices: cuda:0
[36m(GPUFitnessActor pid=1627698)[0m CP3D JAX devices: cuda:0
[36m(GPUFitnessActor pid=1627701)[0m CP3D JAX devices: cuda:0
GPU5 Artstein warm-up: gpu0=ok:12.43s, gpu1=ok:12.78s, gpu2=ok:12.57s, gpu3=ok:12.57s, gpu4=ok:12.60s, gpu5=ok:12.42s, gpu6=ok:12.74s, gpu7=ok:12.59s, gpu8=ok:12.77s
GPU5 full exact warm-up: gpu0=ok:34.47s, gpu1=ok:34.90s, gpu2=ok:35.64s, gpu3=ok:34.52s, gpu4=ok:33.63s, gpu5=ok:37.34s, gpu6=ok:34.38s, gpu7=ok:34.66s, gpu8=ok:34.93s
GPU5 scheduling: 9 persistent actors (3 GPUs x 3 actors/GPU, gpu_fraction=0.333, cpus/actor=3), pre_batch_size=16, exact_batch_size=24, cheap_batch_size=32, exact_wave_cheap_limits=(500,1500), full_exact_enabled=1, tuner_fusion=2, population=2500
GPU5 actor devices: ['cuda:0', 'cuda:0', 'cuda:0', 'cuda:0', 'cuda:0', 'cuda:0', 'cuda:0', 'cuda:0', 'cuda:0']
Generating initial population(s)...
 Seeding population with individuals...
DONE.
Evaluating initial population(s)...
GPU5 stages: candidates=500 pre_s=28.994 cheap_candidates=500 cheap_unique=384 cheap_s=18.566/40.000 cheap_rejected=121 cheap_a_min=-5.76695359725e+14 cheap_a_p50=-607.737226962 cheap_a_p95=4.6931538034e+13 cheap_a_max=4.69315380348e+13 exact_a_gate=0.15 exact_provisional_penalty=161.010870435 exact_candidates=379 exact_unique=290 full_exact_enabled=1 exact_capacity=1200 exact_waves=134 exact_scheduled=290 exact_deferred=0 exact_wave=290/1200 exact_queue_depth=0 exact_pending_instances=0 exact_s=55.200 exact_ok=290 exact_margin_max=0.170361414946 exact_scan_mean_s=0.103 exact_bisect_mean_s=0.045 exact_polish_mean_s=0.015 exact_final_mean_s=0.094 exact_margin_abs_b_max=1.1e-11 cache_hits=0 cache_misses=0 cache_waits=0
GPU5 stages: candidates=500 pre_s=9.714 cheap_candidates=500 cheap_unique=395 cheap_s=17.939/40.000 cheap_rejected=116 cheap_a_min=-6.21857353183e+14 cheap_a_p50=-607.920159922 cheap_a_p95=4.1570992045e+13 cheap_a_max=1.93174815432e+14 exact_a_gate=0.15 exact_provisional_penalty=8.19148668869e+30 exact_candidates=384 exact_unique=301 full_exact_enabled=1 exact_capacity=1200 exact_waves=134 exact_scheduled=274 exact_deferred=0 exact_wave=274/1200 exact_queue_depth=0 exact_pending_instances=0 exact_s=51.113 exact_ok=274 exact_margin_max=0.0617248876927 exact_scan_mean_s=0.043 exact_bisect_mean_s=0.029 exact_polish_mean_s=0.016 exact_final_mean_s=0.067 exact_margin_abs_b_max=4.16e-14 cache_hits=0 cache_misses=0 cache_waits=0
GPU5 stages: candidates=500 pre_s=9.607 cheap_candidates=500 cheap_unique=374 cheap_s=17.462/40.000 cheap_rejected=145 cheap_a_min=-4.14511343443e+14 cheap_a_p50=-597.279707639 cheap_a_p95=4.6931538034e+13 cheap_a_max=4.76497156358e+13 exact_a_gate=0.15 exact_provisional_penalty=2.28363521938e+36 exact_candidates=355 exact_unique=265 full_exact_enabled=1 exact_capacity=1200 exact_waves=134 exact_scheduled=227 exact_deferred=0 exact_wave=227/1200 exact_queue_depth=0 exact_pending_instances=0 exact_s=53.134 exact_ok=227 exact_margin_max=0.137711541181 exact_scan_mean_s=0.052 exact_bisect_mean_s=0.027 exact_polish_mean_s=0.018 exact_final_mean_s=0.053 exact_margin_abs_b_max=6.96e-14 cache_hits=0 cache_misses=0 cache_waits=0
GPU5 stages: candidates=500 pre_s=11.154 cheap_candidates=500 cheap_unique=390 cheap_s=18.020/40.000 cheap_rejected=141 cheap_a_min=-4.14511343443e+14 cheap_a_p50=-602.820575657 cheap_a_p95=4.6931538034e+13 cheap_a_max=1.02799618558e+15 exact_a_gate=0.15 exact_provisional_penalty=858.889664209 exact_candidates=359 exact_unique=280 full_exact_enabled=1 exact_capacity=1200 exact_waves=134 exact_scheduled=247 exact_deferred=0 exact_wave=247/1200 exact_queue_depth=0 exact_pending_instances=0 exact_s=49.783 exact_ok=247 exact_margin_max=0.114206917215 exact_scan_mean_s=0.053 exact_bisect_mean_s=0.029 exact_polish_mean_s=0.016 exact_final_mean_s=0.052 exact_margin_abs_b_max=9.99e-15 cache_hits=0 cache_misses=0 cache_waits=0
GPU5 stages: candidates=500 pre_s=9.579 cheap_candidates=500 cheap_unique=399 cheap_s=17.309/40.000 cheap_rejected=121 cheap_a_min=-6.21857353186e+14 cheap_a_p50=-602.746280691 cheap_a_p95=4.69315380302e+13 cheap_a_max=4.69315380348e+13 exact_a_gate=0.15 exact_provisional_penalty=3.17318116663e+37 exact_candidates=379 exact_unique=308 full_exact_enabled=1 exact_capacity=1200 exact_waves=134 exact_scheduled=275 exact_deferred=0 exact_wave=275/1200 exact_queue_depth=0 exact_pending_instances=0 exact_s=48.785 exact_ok=275 exact_margin_max=0.115500088727 exact_scan_mean_s=0.033 exact_bisect_mean_s=0.020 exact_polish_mean_s=0.017 exact_final_mean_s=0.049 exact_margin_abs_b_max=6.23e-15 cache_hits=0 cache_misses=0 cache_waits=0
DONE.
 -= START OF EVOLUTION =- 
GPU5 cheap-check budget exceeded (continuing): 61.166s > 40.000s [occurrence 1]
GPU5 stages: candidates=2500 pre_s=55.984 cheap_candidates=2500 cheap_unique=1930 cheap_s=61.166/40.000 cheap_rejected=848 cheap_a_min=-6.9562885999e+14 cheap_a_p50=-302.165849813 cheap_a_p95=4.6931538034e+13 cheap_a_max=1.41913043635e+14 exact_a_gate=0.15 exact_provisional_penalty=-8467.75577898 exact_candidates=1652 exact_unique=1266 full_exact_enabled=1 exact_capacity=1200 exact_waves=134 exact_scheduled=1165 exact_deferred=0 exact_wave=1165/1200 exact_queue_depth=0 exact_pending_instances=0 exact_s=56.174 exact_ok=1165 exact_margin_max=0.158214772274 exact_scan_mean_s=0.012 exact_bisect_mean_s=0.007 exact_polish_mean_s=0.016 exact_final_mean_s=0.030 exact_margin_abs_b_max=7.91e-15 cache_hits=0 cache_misses=0 cache_waits=0
   	     	                      fitness                      	             size             
   	     	---------------------------------------------------	------------------------------
gen	evals	min    	avg        	max        	std        	min	avg   	max	std   
1  	2500 	792.761	8.95806e+28	4.98733e+30	4.21341e+29	2  	6.2496	35 	3.8616
Best individuals of this generation:
add(add(add(add(add(mul(a, mul(x1, x1)), mul(a, mul(x1, x2))), mul(a, mul(x1, x3))), mul(a, mul(x2, x2))), mul(a, mul(x2, x3))), mul(a, mul(x3, x3)))
GEN 1 best fitness=792.761 len=35 :: grid=9.22 [roa=9.22] lattice c_v=0.4577 kappa=0.3475 | extra=0.175 | exact[ok] price=783.4 roots=211 viol=144 | DET4 c_v*=0.4551 kappa*=-0.6599 certified=False worst_r=0.251 pen=0/30/9.22 | boundary_min=0.02861 w_scale=1.68
GPU5 cheap-check budget exceeded (continuing): 64.919s > 40.000s [occurrence 2]
GPU5 stages: candidates=2500 pre_s=67.960 cheap_candidates=2500 cheap_unique=2077 cheap_s=64.919/40.000 cheap_rejected=1131 cheap_a_min=-8.29022686886e+14 cheap_a_p50=-0 cheap_a_p95=4.69315380346e+13 cheap_a_max=1.01681149182e+17 exact_a_gate=0.15 exact_provisional_penalty=3.94355921244e+29 exact_candidates=1369 exact_unique=1114 full_exact_enabled=1 exact_capacity=1200 exact_waves=134 exact_scheduled=1017 exact_deferred=0 exact_wave=1017/1200 exact_queue_depth=0 exact_pending_instances=0 exact_s=47.375 exact_ok=1017 exact_margin_max=0.161255817073 exact_scan_mean_s=0.013 exact_bisect_mean_s=0.004 exact_polish_mean_s=0.026 exact_final_mean_s=0.029 exact_margin_abs_b_max=1.86e-16 cache_hits=0 cache_misses=0 cache_waits=0
2  	2500 	792.761	2.13926e+06	6.00847e+06	1.40552e+06	2  	7.3356	35 	4.4649
Best individuals of this generation:
add(add(add(add(add(mul(a, mul(x1, x1)), mul(a, mul(x1, x2))), mul(a, mul(x1, x3))), mul(a, mul(x2, x2))), mul(a, mul(x2, x3))), mul(a, mul(x3, x3)))
GEN 2 best fitness=792.761 len=35 :: grid=9.22 [roa=9.22] lattice c_v=0.4577 kappa=0.3475 | extra=0.175 | exact[ok] price=783.4 roots=211 viol=144 | DET4 c_v*=0.4551 kappa*=-0.6599 certified=False worst_r=0.251 pen=0/30/9.22 | boundary_min=0.02861 w_scale=1.68
GPU5 cheap-check budget exceeded (continuing): 60.152s > 40.000s [occurrence 3]
GPU5 stages: candidates=2500 pre_s=69.126 cheap_candidates=2500 cheap_unique=2201 cheap_s=60.152/40.000 cheap_rejected=1447 cheap_a_min=-1.03642892197e+15 cheap_a_p50=346.989003696 cheap_a_p95=4.69315380346e+13 cheap_a_max=2.34657690179e+14 exact_a_gate=0.15 exact_provisional_penalty=2.91038304567e-09 exact_candidates=1053 exact_unique=906 full_exact_enabled=1 exact_capacity=1200 exact_waves=134 exact_scheduled=803 exact_deferred=0 exact_wave=803/1200 exact_queue_depth=0 exact_pending_instances=0 exact_s=50.337 exact_ok=803 exact_margin_max=0.323181355633 exact_scan_mean_s=0.011 exact_bisect_mean_s=0.004 exact_polish_mean_s=0.029 exact_final_mean_s=0.037 exact_margin_abs_b_max=3.47e-18 cache_hits=0 cache_misses=0 cache_waits=0
3  	2500 	792.761	862707     	2.00847e+06	641566     	3  	10.9712	35 	4.6804
Best individuals of this generation:
add(add(add(add(add(mul(a, mul(x1, x1)), mul(a, mul(x1, x2))), mul(a, mul(x1, x3))), mul(a, mul(x2, x2))), mul(a, mul(x2, x3))), mul(a, mul(x3, x3)))
GEN 3 best fitness=792.761 len=35 :: grid=9.22 [roa=9.22] lattice c_v=0.4577 kappa=0.3475 | extra=0.175 | exact[ok] price=783.4 roots=211 viol=144 | DET4 c_v*=0.4551 kappa*=-0.6599 certified=False worst_r=0.251 pen=0/30/9.22 | boundary_min=0.02861 w_scale=1.68
GPU5 cheap-check budget exceeded (continuing): 66.795s > 40.000s [occurrence 4]
GPU5 stages: candidates=2500 pre_s=99.130 cheap_candidates=2500 cheap_unique=2426 cheap_s=66.795/40.000 cheap_rejected=1791 cheap_a_min=-8.29022686886e+14 cheap_a_p50=999363640605 cheap_a_p95=4.69315380342e+13 cheap_a_max=6.78829421485e+14 exact_a_gate=0.15 exact_provisional_penalty=6860.91240541 exact_candidates=709 exact_unique=691 full_exact_enabled=1 exact_capacity=1200 exact_waves=134 exact_scheduled=631 exact_deferred=0 exact_wave=631/1200 exact_queue_depth=0 exact_pending_instances=0 exact_s=60.966 exact_ok=631 exact_margin_max=1.10681825798 exact_scan_mean_s=0.015 exact_bisect_mean_s=0.004 exact_polish_mean_s=0.045 exact_final_mean_s=0.023 exact_margin_abs_b_max=2.38e-10 cache_hits=0 cache_misses=0 cache_waits=0
4  	2500 	792.761	292900     	1.00852e+06	387967     	5  	13.9224	43 	5.3249
Best individuals of this generation:
add(add(add(add(add(mul(a, mul(x1, x1)), mul(a, mul(x1, x2))), mul(a, mul(x1, x3))), mul(a, mul(x2, x2))), mul(a, mul(x2, x3))), mul(a, mul(x3, x3)))
GEN 4 best fitness=792.761 len=35 :: grid=9.22 [roa=9.22] lattice c_v=0.4577 kappa=0.3475 | extra=0.175 | exact[ok] price=783.4 roots=211 viol=144 | DET4 c_v*=0.4551 kappa*=-0.6599 certified=False worst_r=0.251 pen=0/30/9.22 | boundary_min=0.02861 w_scale=1.68
GPU5 cheap-check budget exceeded (continuing): 68.316s > 40.000s [occurrence 5]
GPU5 stages: candidates=2500 pre_s=118.245 cheap_candidates=2500 cheap_unique=2460 cheap_s=68.316/40.000 cheap_rejected=1971 cheap_a_min=-1.0409657423e+15 cheap_a_p50=1.11773480105e+12 cheap_a_p95=4.69315380342e+13 cheap_a_max=6.45921234044e+14 exact_a_gate=0.15 exact_provisional_penalty=0.0485662134761 exact_candidates=529 exact_unique=517 full_exact_enabled=1 exact_capacity=1200 exact_waves=134 exact_scheduled=484 exact_deferred=0 exact_wave=484/1200 exact_queue_depth=0 exact_pending_instances=0 exact_s=47.739 exact_ok=484 exact_margin_max=29.3896950462 exact_scan_mean_s=0.014 exact_bisect_mean_s=0.007 exact_polish_mean_s=0.050 exact_final_mean_s=0.037 exact_margin_abs_b_max=9.72e-13 cache_hits=0 cache_misses=0 cache_waits=0
5  	2500 	792.761	13855      	161226     	15807.1    	7  	16.4644	44 	5.8873
Best individuals of this generation:
add(add(add(add(add(mul(a, mul(x1, x1)), mul(a, mul(x1, x2))), mul(a, mul(x1, x3))), mul(a, mul(x2, x2))), mul(a, mul(x2, x3))), mul(a, mul(x3, x3)))
GEN 5 best fitness=792.761 len=35 :: grid=9.22 [roa=9.22] lattice c_v=0.4577 kappa=0.3475 | extra=0.175 | exact[ok] price=783.4 roots=211 viol=144 | DET4 c_v*=0.4551 kappa*=-0.6599 certified=False worst_r=0.251 pen=0/30/9.22 | boundary_min=0.02861 w_scale=1.68
GPU5 stages: candidates=2500 pre_s=145.672 cheap_candidates=2500 cheap_unique=2488 cheap_s=69.641/40.000 cheap_rejected=2005 cheap_a_min=-1.41102773196e+15 cheap_a_p50=1.11773480059e+12 cheap_a_p95=4.6931538034e+13 cheap_a_max=1.60551826804e+15 exact_a_gate=0.15 exact_provisional_penalty=0.0525105419802 exact_candidates=495 exact_unique=488 full_exact_enabled=1 exact_capacity=1200 exact_waves=134 exact_scheduled=466 exact_deferred=0 exact_wave=466/1200 exact_queue_depth=0 exact_pending_instances=0 exact_s=57.282 exact_ok=466 exact_margin_max=2.86178757255 exact_scan_mean_s=0.018 exact_bisect_mean_s=0.007 exact_polish_mean_s=0.047 exact_final_mean_s=0.036 exact_margin_abs_b_max=9.47e-09 cache_hits=0 cache_misses=0 cache_waits=0
6  	2500 	792.761	8459.09    	8930.28    	641.248    	7  	17.8824	53 	6.3462
Best individuals of this generation:
add(add(add(add(add(mul(a, mul(x1, x1)), mul(a, mul(x1, x2))), mul(a, mul(x1, x3))), mul(a, mul(x2, x2))), mul(a, mul(x2, x3))), mul(a, mul(x3, x3)))
GEN 6 best fitness=792.761 len=35 :: grid=9.22 [roa=9.22] lattice c_v=0.4577 kappa=0.3475 | extra=0.175 | exact[ok] price=783.4 roots=211 viol=144 | DET4 c_v*=0.4551 kappa*=-0.6599 certified=False worst_r=0.251 pen=0/30/9.22 | boundary_min=0.02861 w_scale=1.68
GPU5 stages: candidates=2500 pre_s=145.921 cheap_candidates=2500 cheap_unique=2487 cheap_s=68.257/40.000 cheap_rejected=1947 cheap_a_min=-9.47852728835e+15 cheap_a_p50=1.11773480003e+12 cheap_a_p95=4.69315380337e+13 cheap_a_max=5.51165610949e+14 exact_a_gate=0.15 exact_provisional_penalty=0.000117160363516 exact_candidates=553 exact_unique=547 full_exact_enabled=1 exact_capacity=1200 exact_waves=134 exact_scheduled=527 exact_deferred=0 exact_wave=527/1200 exact_queue_depth=0 exact_pending_instances=0 exact_s=66.070 exact_ok=527 exact_margin_max=0.391961497665 exact_scan_mean_s=0.021 exact_bisect_mean_s=0.008 exact_polish_mean_s=0.046 exact_final_mean_s=0.047 exact_margin_abs_b_max=3.65e-12 cache_hits=0 cache_misses=0 cache_waits=0
7  	2500 	792.761	8386.48    	8519.19    	783.163    	7  	19.0228	56 	6.7511
Best individuals of this generation:
add(add(add(add(add(mul(a, mul(x1, x1)), mul(a, mul(x1, x2))), mul(a, mul(x1, x3))), mul(a, mul(x2, x2))), mul(a, mul(x2, x3))), mul(a, mul(x3, x3)))
GEN 7 best fitness=792.761 len=35 :: grid=9.22 [roa=9.22] lattice c_v=0.4577 kappa=0.3475 | extra=0.175 | exact[ok] price=783.4 roots=211 viol=144 | DET4 c_v*=0.4551 kappa*=-0.6599 certified=False worst_r=0.251 pen=0/30/9.22 | boundary_min=0.02861 w_scale=1.68
GPU5 stages: candidates=2500 pre_s=138.190 cheap_candidates=2500 cheap_unique=2487 cheap_s=66.920/40.000 cheap_rejected=1887 cheap_a_min=-1.24353403033e+15 cheap_a_p50=1.11773479088e+12 cheap_a_p95=4.6931538034e+13 cheap_a_max=3.49031766752e+14 exact_a_gate=0.15 exact_provisional_penalty=8.7050084403e-05 exact_candidates=613 exact_unique=608 full_exact_enabled=1 exact_capacity=1200 exact_waves=134 exact_scheduled=586 exact_deferred=0 exact_wave=586/1200 exact_queue_depth=0 exact_pending_instances=0 exact_s=94.974 exact_ok=586 exact_margin_max=2.80241693367 exact_scan_mean_s=0.019 exact_bisect_mean_s=0.009 exact_polish_mean_s=0.045 exact_final_mean_s=0.042 exact_margin_abs_b_max=8.29e-09 cache_hits=0 cache_misses=0 cache_waits=0
8  	2500 	792.761	8318.59    	8472.37    	1017.34    	7  	20.0704	58 	6.7415
Best individuals of this generation:
add(add(add(add(add(mul(a, mul(x1, x1)), mul(a, mul(x1, x2))), mul(a, mul(x1, x3))), mul(a, mul(x2, x2))), mul(a, mul(x2, x3))), mul(a, mul(x3, x3)))
GEN 8 best fitness=792.761 len=35 :: grid=9.22 [roa=9.22] lattice c_v=0.4577 kappa=0.3475 | extra=0.175 | exact[ok] price=783.4 roots=211 viol=144 | DET4 c_v*=0.4551 kappa*=-0.6599 certified=False worst_r=0.251 pen=0/30/9.22 | boundary_min=0.02861 w_scale=1.68
GPU5 stages: candidates=2500 pre_s=126.967 cheap_candidates=2500 cheap_unique=2487 cheap_s=67.491/40.000 cheap_rejected=1765 cheap_a_min=-1.24353403033e+15 cheap_a_p50=1.10906227415e+12 cheap_a_p95=4.69315380339e+13 cheap_a_max=1.83592911391e+15 exact_a_gate=0.15 exact_provisional_penalty=4.41022353129 exact_candidates=735 exact_unique=729 full_exact_enabled=1 exact_capacity=1200 exact_waves=134 exact_scheduled=705 exact_deferred=0 exact_wave=705/1200 exact_queue_depth=0 exact_pending_instances=0 exact_s=105.065 exact_ok=705 exact_margin_max=0.879102330196 exact_scan_mean_s=0.017 exact_bisect_mean_s=0.006 exact_polish_mean_s=0.037 exact_final_mean_s=0.022 exact_margin_abs_b_max=5.92e-10 cache_hits=0 cache_misses=0 cache_waits=0
9  	2500 	792.761	8207.53    	8468.18    	1332.21    	9  	20.076 	62 	6.0843
Best individuals of this generation:
add(add(add(add(add(mul(a, mul(x1, x1)), mul(a, mul(x1, x2))), mul(a, mul(x1, x3))), mul(a, mul(x2, x2))), mul(a, mul(x2, x3))), mul(a, mul(x3, x3)))
GEN 9 best fitness=792.761 len=35 :: grid=9.22 [roa=9.22] lattice c_v=0.4577 kappa=0.3475 | extra=0.175 | exact[ok] price=783.4 roots=211 viol=144 | DET4 c_v*=0.4551 kappa*=-0.6599 certified=False worst_r=0.251 pen=0/30/9.22 | boundary_min=0.02861 w_scale=1.68
GPU5 stages: candidates=2500 pre_s=108.879 cheap_candidates=2500 cheap_unique=2478 cheap_s=67.857/40.000 cheap_rejected=1598 cheap_a_min=-1.24353403033e+15 cheap_a_p50=819.94221593 cheap_a_p95=4.6931538034e+13 cheap_a_max=3.08560433352e+16 exact_a_gate=0.15 exact_provisional_penalty=-1.81898940355e-12 exact_candidates=902 exact_unique=891 full_exact_enabled=1 exact_capacity=1200 exact_waves=134 exact_scheduled=851 exact_deferred=0 exact_wave=851/1200 exact_queue_depth=0 exact_pending_instances=0 exact_s=98.174 exact_ok=851 exact_margin_max=2.88489753635 exact_scan_mean_s=0.016 exact_bisect_mean_s=0.005 exact_polish_mean_s=0.038 exact_final_mean_s=0.028 exact_margin_abs_b_max=7.31e-09 cache_hits=0 cache_misses=0 cache_waits=0
10 	2500 	588.934	8013.05    	8467.89    	1733.81    	9  	18.3204	67 	5.6797
Best individuals of this generation:
add(add(add(add(add(mul(a, add(add(add(add(mul(a, mul(x1, x1)), sin(a)), mul(a, mul(x1, x3))), mul(a, mul(x2, x2))), mul(a, mul(x2, x3)))), mul(a, mul(x1, x2))), mul(a, mul(x1, x3))), mul(a, mul(x2, x2))), mul(add(sin(x1), mul(x2, x3)), mul(x2, x3))), mul(add(x3, a), mul(x3, x3)))
GEN 10 best fitness=588.934 len=65 :: grid=0 [all terms 0] lattice c_v=0.7194 kappa=0.4136 | extra=0.325 | exact[ok] price=588.6 roots=209 viol=63 | DET4 c_v*=0.7155 kappa*=-0.1244 certified=False worst_r=0.251 pen=0/30/0 | boundary_min=0.04746 w_scale=0.237
GPU5 stages: candidates=2500 pre_s=104.480 cheap_candidates=2500 cheap_unique=2491 cheap_s=68.897/40.000 cheap_rejected=1574 cheap_a_min=-8.29022686886e+14 cheap_a_p50=402.597360843 cheap_a_p95=4.69315380336e+13 cheap_a_max=2.34657690177e+14 exact_a_gate=0.15 exact_provisional_penalty=102.665874319 exact_candidates=926 exact_unique=919 full_exact_enabled=1 exact_capacity=1200 exact_waves=134 exact_scheduled=886 exact_deferred=0 exact_wave=886/1200 exact_queue_depth=0 exact_pending_instances=0 exact_s=98.894 exact_ok=886 exact_margin_max=0.127887762755 exact_scan_mean_s=0.015 exact_bisect_mean_s=0.006 exact_polish_mean_s=0.034 exact_final_mean_s=0.020 exact_margin_abs_b_max=7.62e-13 cache_hits=0 cache_misses=0 cache_waits=0
11 	2500 	564.764	7739.02    	8467.86    	2149.02    	9  	17.6444	70 	6.9914
Best individuals of this generation:
add(add(add(add(add(mul(sub(mul(x2, x1), sin(a)), mul(x1, x1)), mul(a, mul(x1, x2))), mul(a, mul(x1, x3))), mul(add(add(a, x1), mul(x1, x1)), mul(x2, x2))), mul(a, mul(x2, x3))), mul(add(mul(mul(mul(x1, a), a), add(x2, x1)), a), mul(x3, x3)))
GEN 11 best fitness=564.764 len=56 :: grid=406.3 [roa=406] lattice c_v=0.003014 kappa=4.619 | extra=0.28 | exact[ok] price=158.1 roots=207 viol=46 | DET4 c_v*=0.002929 kappa*=-0.01134 certified=False worst_r=0.25 pen=9.41/30/19.4 | boundary_min=0.0001884 w_scale=0.192
GPU5 stages: candidates=2500 pre_s=97.925 cheap_candidates=2500 cheap_unique=2465 cheap_s=71.189/40.000 cheap_rejected=1508 cheap_a_min=-8.29022686886e+14 cheap_a_p50=83.5171427923 cheap_a_p95=4.69315380316e+13 cheap_a_max=1.30989225418e+15 exact_a_gate=0.15 exact_provisional_penalty=5.58029633208e+25 exact_candidates=992 exact_unique=973 full_exact_enabled=1 exact_capacity=1200 exact_waves=134 exact_scheduled=932 exact_deferred=0 exact_wave=932/1200 exact_queue_depth=0 exact_pending_instances=0 exact_s=110.405 exact_ok=932 exact_margin_max=0.543375226787 exact_scan_mean_s=0.014 exact_bisect_mean_s=0.005 exact_polish_mean_s=0.041 exact_final_mean_s=0.015 exact_margin_abs_b_max=9.25e-09 cache_hits=0 cache_misses=0 cache_waits=0
12 	2500 	564.764	7267.34    	8467.85    	2653.36    	9  	18.294 	73 	9.1245
Best individuals of this generation:
add(add(add(add(add(mul(sub(mul(x2, x1), sin(a)), mul(x1, x1)), mul(a, mul(x1, x2))), mul(a, mul(x1, x3))), mul(add(add(a, x1), mul(x1, x1)), mul(x2, x2))), mul(a, mul(x2, x3))), mul(add(mul(mul(mul(x1, a), a), add(x2, x1)), a), mul(x3, x3)))
GEN 12 best fitness=564.764 len=56 :: grid=406.3 [roa=406] lattice c_v=0.003014 kappa=4.619 | extra=0.28 | exact[ok] price=158.1 roots=207 viol=46 | DET4 c_v*=0.002929 kappa*=-0.01134 certified=False worst_r=0.25 pen=9.41/30/19.4 | boundary_min=0.0001884 w_scale=0.192
GPU5 stages: candidates=2500 pre_s=104.009 cheap_candidates=2500 cheap_unique=2466 cheap_s=73.549/40.000 cheap_rejected=1546 cheap_a_min=-8.29022686886e+14 cheap_a_p50=45.8063510529 cheap_a_p95=4.69315380316e+13 cheap_a_max=6.83948954579e+14 exact_a_gate=0.15 exact_provisional_penalty=25797.022193 exact_candidates=954 exact_unique=932 full_exact_enabled=1 exact_capacity=1200 exact_waves=134 exact_scheduled=865 exact_deferred=0 exact_wave=865/1200 exact_queue_depth=0 exact_pending_instances=0 exact_s=113.536 exact_ok=865 exact_margin_max=0.435343593727 exact_scan_mean_s=0.015 exact_bisect_mean_s=0.005 exact_polish_mean_s=0.044 exact_final_mean_s=0.016 exact_margin_abs_b_max=9.41e-13 cache_hits=0 cache_misses=0 cache_waits=0
13 	2500 	564.764	7044.96    	8467.85    	2847.05    	9  	18.6916	86 	10.9519
Best individuals of this generation:
add(add(add(add(add(mul(sub(mul(x2, x1), sin(a)), mul(x1, x1)), mul(a, mul(x1, x2))), mul(a, mul(x1, x3))), mul(add(add(a, x1), mul(x1, x1)), mul(x2, x2))), mul(a, mul(x2, x3))), mul(add(mul(mul(mul(x1, a), a), add(x2, x1)), a), mul(x3, x3)))
GEN 13 best fitness=564.764 len=56 :: grid=406.3 [roa=406] lattice c_v=0.003014 kappa=4.619 | extra=0.28 | exact[ok] price=158.1 roots=207 viol=46 | DET4 c_v*=0.002929 kappa*=-0.01134 certified=False worst_r=0.25 pen=9.41/30/19.4 | boundary_min=0.0001884 w_scale=0.192
GPU5 stages: candidates=2500 pre_s=107.291 cheap_candidates=2500 cheap_unique=2451 cheap_s=74.144/40.000 cheap_rejected=1473 cheap_a_min=-1.03628404414e+15 cheap_a_p50=5.59808092888 cheap_a_p95=4.69315380307e+13 cheap_a_max=3.25924722902e+14 exact_a_gate=0.15 exact_provisional_penalty=-1.81898940355e-12 exact_candidates=1027 exact_unique=991 full_exact_enabled=1 exact_capacity=1200 exact_waves=134 exact_scheduled=923 exact_deferred=0 exact_wave=923/1200 exact_queue_depth=0 exact_pending_instances=0 exact_s=101.350 exact_ok=923 exact_margin_max=0.940260002713 exact_scan_mean_s=0.015 exact_bisect_mean_s=0.005 exact_polish_mean_s=0.041 exact_final_mean_s=0.011 exact_margin_abs_b_max=3.74e-11 cache_hits=0 cache_misses=0 cache_waits=0
14 	2500 	558.376	7033.13    	8467.84    	2870.94    	9  	19.1972	96 	12.8175
Best individuals of this generation:
add(add(add(add(add(mul(a, mul(x1, x1)), mul(a, mul(x1, x2))), sub(a, mul(x1, x3))), mul(a, mul(x2, x2))), mul(a, mul(x2, x2))), mul(add(x3, a), mul(x3, x3)))
GEN 14 best fitness=558.376 len=37 :: grid=0 [all terms 0] lattice c_v=0.1265 kappa=0.2086 | extra=0.185 | exact[ok] price=558.2 roots=208 viol=55 | DET4 c_v*=0.1262 kappa*=-0.058 certified=False worst_r=0.25 pen=0/30/0 | boundary_min=0.008026 w_scale=0.0576
GPU5 stages: candidates=2500 pre_s=104.449 cheap_candidates=2500 cheap_unique=2455 cheap_s=75.641/40.000 cheap_rejected=1382 cheap_a_min=-1.03642892197e+15 cheap_a_p50=4.14263823965 cheap_a_p95=4.6931538026e+13 cheap_a_max=4.35279657349e+14 exact_a_gate=0.15 exact_provisional_penalty=711.189497931 exact_candidates=1118 exact_unique=1089 full_exact_enabled=1 exact_capacity=1200 exact_waves=134 exact_scheduled=1011 exact_deferred=0 exact_wave=1011/1200 exact_queue_depth=0 exact_pending_instances=0 exact_s=123.302 exact_ok=1011 exact_margin_max=1.74442315971 exact_scan_mean_s=0.013 exact_bisect_mean_s=0.006 exact_polish_mean_s=0.034 exact_final_mean_s=0.019 exact_margin_abs_b_max=5.31e-09 cache_hits=0 cache_misses=0 cache_waits=0
15 	2500 	558.376	7016.02    	8467.84    	2905.64    	9  	19.1564	86 	13.8178
Best individuals of this generation:
add(add(add(add(add(mul(a, mul(x1, x1)), mul(a, mul(x1, x2))), sub(a, mul(x1, x3))), mul(a, mul(x2, x2))), mul(a, mul(x2, x2))), mul(add(x3, a), mul(x3, x3)))
GEN 15 best fitness=558.376 len=37 :: grid=0 [all terms 0] lattice c_v=0.1265 kappa=0.2086 | extra=0.185 | exact[ok] price=558.2 roots=208 viol=55 | DET4 c_v*=0.1262 kappa*=-0.058 certified=False worst_r=0.25 pen=0/30/0 | boundary_min=0.008026 w_scale=0.0576
GPU5 stages: candidates=2500 pre_s=110.029 cheap_candidates=2500 cheap_unique=2429 cheap_s=75.427/40.000 cheap_rejected=1435 cheap_a_min=-1.53317481556e+15 cheap_a_p50=4.38293859168 cheap_a_p95=4.69315380307e+13 cheap_a_max=2.37937538994e+14 exact_a_gate=0.15 exact_provisional_penalty=1515.42609925 exact_candidates=1065 exact_unique=1022 full_exact_enabled=1 exact_capacity=1200 exact_waves=134 exact_scheduled=950 exact_deferred=0 exact_wave=950/1200 exact_queue_depth=0 exact_pending_instances=0 exact_s=130.293 exact_ok=950 exact_margin_max=2.54993489888 exact_scan_mean_s=0.014 exact_bisect_mean_s=0.004 exact_polish_mean_s=0.041 exact_final_mean_s=0.015 exact_margin_abs_b_max=2.09e-11 cache_hits=0 cache_misses=0 cache_waits=0
16 	2500 	558.376	6995.46    	8467.83    	2946.89    	9  	19.468 	106	15.2967
Best individuals of this generation:
add(add(add(add(add(mul(a, mul(x1, x1)), mul(a, mul(x1, x2))), sub(a, mul(x1, x3))), mul(a, mul(x2, x2))), mul(a, mul(x2, x2))), mul(add(x3, a), mul(x3, x3)))
GEN 16 best fitness=558.376 len=37 :: grid=0 [all terms 0] lattice c_v=0.1265 kappa=0.2086 | extra=0.185 | exact[ok] price=558.2 roots=208 viol=55 | DET4 c_v*=0.1262 kappa*=-0.058 certified=False worst_r=0.25 pen=0/30/0 | boundary_min=0.008026 w_scale=0.0576
GPU5 stages: candidates=2500 pre_s=112.226 cheap_candidates=2500 cheap_unique=2420 cheap_s=78.073/40.000 cheap_rejected=1317 cheap_a_min=-1.3175186727e+15 cheap_a_p50=0.936528171509 cheap_a_p95=4.69315380258e+13 cheap_a_max=1.7816078846e+14 exact_a_gate=0.15 exact_provisional_penalty=1414.39800326 exact_candidates=1183 exact_unique=1123 full_exact_enabled=1 exact_capacity=1200 exact_waves=134 exact_scheduled=1024 exact_deferred=0 exact_wave=1024/1200 exact_queue_depth=0 exact_pending_instances=0 exact_s=121.817 exact_ok=1024 exact_margin_max=1.01654754062 exact_scan_mean_s=0.012 exact_bisect_mean_s=0.004 exact_polish_mean_s=0.042 exact_final_mean_s=0.010 exact_margin_abs_b_max=5.47e-13 cache_hits=0 cache_misses=0 cache_waits=0
17 	2500 	535.971	6971.02    	8467.83    	2995.21    	9  	20.1968	93 	16.9732
Best individuals of this generation:
add(add(add(add(add(mul(sub(mul(x2, x2), sin(a)), mul(x1, x1)), add(add(add(add(mul(sub(mul(x2, x1), sin(a)), mul(x1, x1)), mul(a, mul(mul(x2, a), x2))), mul(a, mul(x1, x3))), mul(add(add(a, x1), mul(x1, x1)), mul(x2, x2))), mul(a, mul(x2, x3)))), mul(a, mul(x1, x3))), mul(add(add(a, x1), mul(mul(a, x2), x1)), mul(x2, x2))), mul(a, mul(x2, x3))), mul(add(mul(mul(a, a), add(x2, x1)), a), mul(x3, x3)))
GEN 17 best fitness=535.971 len=93 :: grid=0 [all terms 0] lattice c_v=1.121 kappa=0.5477 | extra=0.465 | exact[ok] price=535.5 roots=208 viol=48 | DET4 c_v*=1.119 kappa*=-0.01107 certified=False worst_r=0.25 pen=0/30/0 | boundary_min=0.07104 w_scale=0.541
GPU5 stages: candidates=2500 pre_s=119.922 cheap_candidates=2500 cheap_unique=2381 cheap_s=75.996/40.000 cheap_rejected=1316 cheap_a_min=-8.29022686886e+14 cheap_a_p50=0.835715204991 cheap_a_p95=4.38790685686e+13 cheap_a_max=1.67160022289e+14 exact_a_gate=0.15 exact_provisional_penalty=961.596369443 exact_candidates=1184 exact_unique=1097 full_exact_enabled=1 exact_capacity=1200 exact_waves=134 exact_scheduled=981 exact_deferred=0 exact_wave=981/1200 exact_queue_depth=0 exact_pending_instances=0 exact_s=117.211 exact_ok=981 exact_margin_max=0.112619353259 exact_scan_mean_s=0.014 exact_bisect_mean_s=0.003 exact_polish_mean_s=0.039 exact_final_mean_s=0.007 exact_margin_abs_b_max=6.53e-13 cache_hits=0 cache_misses=0 cache_waits=0
18 	2500 	535.971	6948.68    	8467.83    	3039       	9  	20.7108	99 	18.444 
Best individuals of this generation:
add(add(add(add(add(mul(sub(mul(x2, x2), sin(a)), mul(x1, x1)), add(add(add(add(mul(sub(mul(x2, x1), sin(a)), mul(x1, x1)), mul(a, mul(mul(x2, a), x2))), mul(a, mul(x1, x3))), mul(add(add(a, x1), mul(x1, x1)), mul(x2, x2))), mul(a, mul(x2, x3)))), mul(a, mul(x1, x3))), mul(add(add(a, x1), mul(mul(a, x2), x1)), mul(x2, x2))), mul(a, mul(x2, x3))), mul(add(mul(mul(a, a), add(x2, x1)), a), mul(x3, x3)))
GEN 18 best fitness=535.971 len=93 :: grid=0 [all terms 0] lattice c_v=1.121 kappa=0.5477 | extra=0.465 | exact[ok] price=535.5 roots=208 viol=48 | DET4 c_v*=1.119 kappa*=-0.01107 certified=False worst_r=0.25 pen=0/30/0 | boundary_min=0.07104 w_scale=0.541
GPU5 stages: candidates=2500 pre_s=118.998 cheap_candidates=2500 cheap_unique=2374 cheap_s=74.690/40.000 cheap_rejected=1286 cheap_a_min=-8.29022686886e+14 cheap_a_p50=0.575463275047 cheap_a_p95=2.69985868301e+13 cheap_a_max=1.40794614107e+14 exact_a_gate=0.15 exact_provisional_penalty=8.28287687706e+30 exact_candidates=1214 exact_unique=1139 full_exact_enabled=1 exact_capacity=1200 exact_waves=134 exact_scheduled=1014 exact_deferred=0 exact_wave=1014/1200 exact_queue_depth=0 exact_pending_instances=0 exact_s=121.197 exact_ok=1014 exact_margin_max=0.450249362101 exact_scan_mean_s=0.013 exact_bisect_mean_s=0.005 exact_polish_mean_s=0.036 exact_final_mean_s=0.011 exact_margin_abs_b_max=3.24e-14 cache_hits=0 cache_misses=0 cache_waits=0
19 	2500 	535.971	6935.81    	8467.83    	3064.39    	9  	20.634 	103	19.0156
Best individuals of this generation:
add(add(add(add(add(mul(sub(mul(x2, x2), sin(a)), mul(x1, x1)), add(add(add(add(mul(sub(mul(x2, x1), sin(a)), mul(x1, x1)), mul(a, mul(mul(x2, a), x2))), mul(a, mul(x1, x3))), mul(add(add(a, x1), mul(x1, x1)), mul(x2, x2))), mul(a, mul(x2, x3)))), mul(a, mul(x1, x3))), mul(add(add(a, x1), mul(mul(a, x2), x1)), mul(x2, x2))), mul(a, mul(x2, x3))), mul(add(mul(mul(a, a), add(x2, x1)), a), mul(x3, x3)))
GEN 19 best fitness=535.971 len=93 :: grid=0 [all terms 0] lattice c_v=1.121 kappa=0.5477 | extra=0.465 | exact[ok] price=535.5 roots=208 viol=48 | DET4 c_v*=1.119 kappa*=-0.01107 certified=False worst_r=0.25 pen=0/30/0 | boundary_min=0.07104 w_scale=0.541
GPU5 stages: candidates=2500 pre_s=117.644 cheap_candidates=2500 cheap_unique=2355 cheap_s=74.528/40.000 cheap_rejected=1261 cheap_a_min=-8.29022686886e+14 cheap_a_p50=0.374714176381 cheap_a_p95=4.38790685703e+13 cheap_a_max=9.0510356057e+14 exact_a_gate=0.15 exact_provisional_penalty=689.804544431 exact_candidates=1239 exact_unique=1149 full_exact_enabled=1 exact_capacity=1200 exact_waves=134 exact_scheduled=1018 exact_deferred=0 exact_wave=1018/1200 exact_queue_depth=0 exact_pending_instances=0 exact_s=81.525 exact_ok=1018 exact_margin_max=0.45993674112 exact_scan_mean_s=0.013 exact_bisect_mean_s=0.004 exact_polish_mean_s=0.037 exact_final_mean_s=0.011 exact_margin_abs_b_max=9.61e-13 cache_hits=0 cache_misses=0 cache_waits=0
20 	2500 	535.971	6928.4     	8467.82    	3079.06    	9  	20.6672	105	19.6836
Best individuals of this generation:
add(add(add(add(add(mul(sub(mul(x2, x2), sin(a)), mul(x1, x1)), add(add(add(add(mul(sub(mul(x2, x1), sin(a)), mul(x1, x1)), mul(a, mul(mul(x2, a), x2))), mul(a, mul(x1, x3))), mul(add(add(a, x1), mul(x1, x1)), mul(x2, x2))), mul(a, mul(x2, x3)))), mul(a, mul(x1, x3))), mul(add(add(a, x1), mul(mul(a, x2), x1)), mul(x2, x2))), mul(a, mul(x2, x3))), mul(add(mul(mul(a, a), add(x2, x1)), a), mul(x3, x3)))
GEN 20 best fitness=535.971 len=93 :: grid=0 [all terms 0] lattice c_v=1.121 kappa=0.5477 | extra=0.465 | exact[ok] price=535.5 roots=208 viol=48 | DET4 c_v*=1.119 kappa*=-0.01107 certified=False worst_r=0.25 pen=0/30/0 | boundary_min=0.07104 w_scale=0.541
GPU5 stages: candidates=2500 pre_s=123.547 cheap_candidates=2500 cheap_unique=2345 cheap_s=75.054/40.000 cheap_rejected=1281 cheap_a_min=-8.29022686886e+14 cheap_a_p50=0.440665252558 cheap_a_p95=4.68398748717e+13 cheap_a_max=4.20133962593e+14 exact_a_gate=0.15 exact_provisional_penalty=1460.52915826 exact_candidates=1219 exact_unique=1130 full_exact_enabled=1 exact_capacity=1200 exact_waves=134 exact_scheduled=990 exact_deferred=0 exact_wave=990/1200 exact_queue_depth=0 exact_pending_instances=0 exact_s=138.679 exact_ok=990 exact_margin_max=0.971888442735 exact_scan_mean_s=0.013 exact_bisect_mean_s=0.003 exact_polish_mean_s=0.038 exact_final_mean_s=0.009 exact_margin_abs_b_max=8.32e-13 cache_hits=0 cache_misses=0 cache_waits=0
21 	2500 	535.971	6923.6     	8467.82    	3088.6     	9  	20.5196	107	19.91  
Best individuals of this generation:
add(add(add(add(add(mul(sub(mul(x2, x2), sin(a)), mul(x1, x1)), add(add(add(add(mul(sub(mul(x2, x1), sin(a)), mul(x1, x1)), mul(a, mul(mul(x2, a), x2))), mul(a, mul(x1, x3))), mul(add(add(a, x1), mul(x1, x1)), mul(x2, x2))), mul(a, mul(x2, x3)))), mul(a, mul(x1, x3))), mul(add(add(a, x1), mul(mul(a, x2), x1)), mul(x2, x2))), mul(a, mul(x2, x3))), mul(add(mul(mul(a, a), add(x2, x1)), a), mul(x3, x3)))
GEN 21 best fitness=535.971 len=93 :: grid=0 [all terms 0] lattice c_v=1.121 kappa=0.5477 | extra=0.465 | exact[ok] price=535.5 roots=208 viol=48 | DET4 c_v*=1.119 kappa*=-0.01107 certified=False worst_r=0.25 pen=0/30/0 | boundary_min=0.07104 w_scale=0.541
GPU5 stages: candidates=2500 pre_s=123.237 cheap_candidates=2500 cheap_unique=2332 cheap_s=75.317/40.000 cheap_rejected=1269 cheap_a_min=-8.29022686886e+14 cheap_a_p50=0.3671181144 cheap_a_p95=1.61811961493e+13 cheap_a_max=2.90294868171e+14 exact_a_gate=0.15 exact_provisional_penalty=1214.23373272 exact_candidates=1231 exact_unique=1130 full_exact_enabled=1 exact_capacity=1200 exact_waves=134 exact_scheduled=981 exact_deferred=0 exact_wave=981/1200 exact_queue_depth=0 exact_pending_instances=0 exact_s=118.089 exact_ok=981 exact_margin_max=0.166045343808 exact_scan_mean_s=0.014 exact_bisect_mean_s=0.004 exact_polish_mean_s=0.037 exact_final_mean_s=0.011 exact_margin_abs_b_max=2.86e-13 cache_hits=0 cache_misses=0 cache_waits=0
22 	2500 	535.971	6920.36    	8467.82    	3095.08    	9  	20.6164	118	20.6474
Best individuals of this generation:
add(add(add(add(add(mul(sub(mul(x2, x2), sin(a)), mul(x1, x1)), add(add(add(add(mul(sub(mul(x2, x1), sin(a)), mul(x1, x1)), mul(a, mul(mul(x2, a), x2))), mul(a, mul(x1, x3))), mul(add(add(a, x1), mul(x1, x1)), mul(x2, x2))), mul(a, mul(x2, x3)))), mul(a, mul(x1, x3))), mul(add(add(a, x1), mul(mul(a, x2), x1)), mul(x2, x2))), mul(a, mul(x2, x3))), mul(add(mul(mul(a, a), add(x2, x1)), a), mul(x3, x3)))
GEN 22 best fitness=535.971 len=93 :: grid=0 [all terms 0] lattice c_v=1.121 kappa=0.5477 | extra=0.465 | exact[ok] price=535.5 roots=208 viol=48 | DET4 c_v*=1.119 kappa*=-0.01107 certified=False worst_r=0.25 pen=0/30/0 | boundary_min=0.07104 w_scale=0.541
GPU5 stages: candidates=2500 pre_s=123.641 cheap_candidates=2500 cheap_unique=2327 cheap_s=75.530/40.000 cheap_rejected=1302 cheap_a_min=-8.29022686886e+14 cheap_a_p50=0.522007038085 cheap_a_p95=4.05554067492e+13 cheap_a_max=1.43239851342e+15 exact_a_gate=0.15 exact_provisional_penalty=5925.99837105 exact_candidates=1198 exact_unique=1099 full_exact_enabled=1 exact_capacity=1200 exact_waves=134 exact_scheduled=959 exact_deferred=0 exact_wave=959/1200 exact_queue_depth=0 exact_pending_instances=0 exact_s=126.153 exact_ok=959 exact_margin_max=0.140887417122 exact_scan_mean_s=0.012 exact_bisect_mean_s=0.004 exact_polish_mean_s=0.035 exact_final_mean_s=0.006 exact_margin_abs_b_max=6.66e-13 cache_hits=0 cache_misses=0 cache_waits=0
23 	2500 	535.971	6917.93    	8467.82    	3099.91    	9  	20.6692	118	21.1538
Best individuals of this generation:
add(add(add(add(add(mul(sub(mul(x2, x2), sin(a)), mul(x1, x1)), add(add(add(add(mul(sub(mul(x2, x1), sin(a)), mul(x1, x1)), mul(a, mul(mul(x2, a), x2))), mul(a, mul(x1, x3))), mul(add(add(a, x1), mul(x1, x1)), mul(x2, x2))), mul(a, mul(x2, x3)))), mul(a, mul(x1, x3))), mul(add(add(a, x1), mul(mul(a, x2), x1)), mul(x2, x2))), mul(a, mul(x2, x3))), mul(add(mul(mul(a, a), add(x2, x1)), a), mul(x3, x3)))
GEN 23 best fitness=535.971 len=93 :: grid=0 [all terms 0] lattice c_v=1.121 kappa=0.5477 | extra=0.465 | exact[ok] price=535.5 roots=208 viol=48 | DET4 c_v*=1.119 kappa*=-0.01107 certified=False worst_r=0.25 pen=0/30/0 | boundary_min=0.07104 w_scale=0.541
GPU5 stages: candidates=2500 pre_s=125.229 cheap_candidates=2500 cheap_unique=2308 cheap_s=74.522/40.000 cheap_rejected=1283 cheap_a_min=-8.29022686886e+14 cheap_a_p50=0.420187062388 cheap_a_p95=3.80106521029e+13 cheap_a_max=9.39424184594e+14 exact_a_gate=0.15 exact_provisional_penalty=676.665091168 exact_candidates=1217 exact_unique=1104 full_exact_enabled=1 exact_capacity=1200 exact_waves=134 exact_scheduled=962 exact_deferred=0 exact_wave=962/1200 exact_queue_depth=0 exact_pending_instances=0 exact_s=128.128 exact_ok=962 exact_margin_max=1.49361073706 exact_scan_mean_s=0.014 exact_bisect_mean_s=0.005 exact_polish_mean_s=0.035 exact_final_mean_s=0.007 exact_margin_abs_b_max=1.78e-11 cache_hits=0 cache_misses=0 cache_waits=0
24 	2500 	535.971	6915.58    	8467.82    	3104.6     	9  	20.6904	118	21.6459
Best individuals of this generation:
add(add(add(add(add(mul(sub(mul(x2, x2), sin(a)), mul(x1, x1)), add(add(add(add(mul(sub(mul(x2, x1), sin(a)), mul(x1, x1)), mul(a, mul(mul(x2, a), x2))), mul(a, mul(x1, x3))), mul(add(add(a, x1), mul(x1, x1)), mul(x2, x2))), mul(a, mul(x2, x3)))), mul(a, mul(x1, x3))), mul(add(add(a, x1), mul(mul(a, x2), x1)), mul(x2, x2))), mul(a, mul(x2, x3))), mul(add(mul(mul(a, a), add(x2, x1)), a), mul(x3, x3)))
GEN 24 best fitness=535.971 len=93 :: grid=0 [all terms 0] lattice c_v=1.121 kappa=0.5477 | extra=0.465 | exact[ok] price=535.5 roots=208 viol=48 | DET4 c_v*=1.119 kappa*=-0.01107 certified=False worst_r=0.25 pen=0/30/0 | boundary_min=0.07104 w_scale=0.541
GPU5 stages: candidates=2500 pre_s=129.593 cheap_candidates=2500 cheap_unique=2312 cheap_s=74.532/40.000 cheap_rejected=1293 cheap_a_min=-8.29022686886e+14 cheap_a_p50=0.408840632264 cheap_a_p95=1.46392998653e+13 cheap_a_max=3.03184404992e+14 exact_a_gate=0.15 exact_provisional_penalty=683.219938506 exact_candidates=1207 exact_unique=1087 full_exact_enabled=1 exact_capacity=1200 exact_waves=134 exact_scheduled=939 exact_deferred=0 exact_wave=939/1200 exact_queue_depth=0 exact_pending_instances=0 exact_s=116.945 exact_ok=939 exact_margin_max=1.07861729843 exact_scan_mean_s=0.014 exact_bisect_mean_s=0.004 exact_polish_mean_s=0.035 exact_final_mean_s=0.010 exact_margin_abs_b_max=7.47e-13 cache_hits=0 cache_misses=0 cache_waits=0
25 	2500 	16.4226	6912.61    	8467.81    	3110.54    	9  	20.756 	130	22.2392
Best individuals of this generation:
add(add(add(add(add(mul(sub(mul(x2, x2), sin(a)), mul(x1, x1)), mul(a, mul(x1, x2))), mul(a, mul(x1, x3))), mul(add(add(a, x1), mul(mul(x3, x2), x1)), mul(x2, x2))), mul(a, mul(x2, x3))), mul(add(mul(mul(a, a), mul(x2, x2)), a), mul(x3, x3)))
GEN 25 best fitness=16.4226 len=56 :: grid=0 [all terms 0] lattice c_v=0.2832 kappa=2.046 | extra=0.28 | exact[ok] price=16.14 roots=249 viol=0 | DET4 c_v*=0.2824 kappa*=0.0231 certified=True worst_r=0.25 pen=0/16.1/0 | boundary_min=0.01781 w_scale=0.277
GPU5 stages: candidates=2500 pre_s=130.130 cheap_candidates=2500 cheap_unique=2280 cheap_s=74.769/40.000 cheap_rejected=1291 cheap_a_min=-3.8332382677e+15 cheap_a_p50=0.432811128001 cheap_a_p95=1.46263561889e+13 cheap_a_max=2.7406274695e+14 exact_a_gate=0.15 exact_provisional_penalty=48276.0464766 exact_candidates=1209 exact_unique=1077 full_exact_enabled=1 exact_capacity=1200 exact_waves=134 exact_scheduled=919 exact_deferred=0 exact_wave=919/1200 exact_queue_depth=0 exact_pending_instances=0 exact_s=97.464 exact_ok=919 exact_margin_max=1.25015499678 exact_scan_mean_s=0.013 exact_bisect_mean_s=0.004 exact_polish_mean_s=0.031 exact_final_mean_s=0.008 exact_margin_abs_b_max=5.54e-13 cache_hits=0 cache_misses=0 cache_waits=0
26 	2500 	0.29   	6910.53    	8467.81    	3114.7     	9  	20.814 	151	22.9136
Best individuals of this generation:
add(add(add(add(add(mul(sub(mul(x2, x1), sin(a)), mul(x1, x1)), mul(a, mul(x1, x2))), mul(a, mul(x1, x3))), mul(add(add(a, x1), mul(mul(a, x2), x1)), mul(x2, x2))), mul(a, mul(x2, x3))), mul(add(mul(sin(sub(x1, x1)), sin(mul(x1, x2))), a), mul(x3, x3)))
GEN 26 best fitness=0.29 len=58 :: grid=0 [all terms 0] lattice c_v=0.2732 kappa=0.9493 | extra=0.29 | exact[ok] price=0 roots=209 viol=0 | DET4 c_v*=0.2712 kappa*=0.06073 certified=True worst_r=0.25 pen=0/0/0 | boundary_min=0.01718 w_scale=0.278
GPU5 stages: candidates=2500 pre_s=126.153 cheap_candidates=2500 cheap_unique=2219 cheap_s=73.434/40.000 cheap_rejected=1327 cheap_a_min=-8.29022686886e+14 cheap_a_p50=0.619198393552 cheap_a_p95=4.68398748733e+13 cheap_a_max=1.40794614106e+14 exact_a_gate=0.15 exact_provisional_penalty=820.714227525 exact_candidates=1173 exact_unique=1022 full_exact_enabled=1 exact_capacity=1200 exact_waves=134 exact_scheduled=876 exact_deferred=0 exact_wave=876/1200 exact_queue_depth=0 exact_pending_instances=0 exact_s=88.665 exact_ok=876 exact_margin_max=0.140887417117 exact_scan_mean_s=0.013 exact_bisect_mean_s=0.004 exact_polish_mean_s=0.035 exact_final_mean_s=0.010 exact_margin_abs_b_max=9.62e-13 cache_hits=0 cache_misses=0 cache_waits=0
27 	2500 	0.29   	6908.81    	8467.81    	3118.17    	9  	20.8008	151	23.2851
Best individuals of this generation:
add(add(add(add(add(mul(sub(mul(x2, x1), sin(a)), mul(x1, x1)), mul(a, mul(x1, x2))), mul(a, mul(x1, x3))), mul(add(add(a, x1), mul(mul(a, x2), x1)), mul(x2, x2))), mul(a, mul(x2, x3))), mul(add(mul(sin(sub(x1, x1)), sin(mul(x1, x2))), a), mul(x3, x3)))
GEN 27 best fitness=0.29 len=58 :: grid=0 [all terms 0] lattice c_v=0.2732 kappa=0.9493 | extra=0.29 | exact[ok] price=0 roots=209 viol=0 | DET4 c_v*=0.2712 kappa*=0.06073 certified=True worst_r=0.25 pen=0/0/0 | boundary_min=0.01718 w_scale=0.278
GPU5 stages: candidates=2500 pre_s=127.504 cheap_candidates=2500 cheap_unique=2254 cheap_s=74.117/40.000 cheap_rejected=1310 cheap_a_min=-8.29022686886e+14 cheap_a_p50=0.450925662219 cheap_a_p95=1.46263561906e+13 cheap_a_max=9.3863076072e+13 exact_a_gate=0.15 exact_provisional_penalty=806.047948969 exact_candidates=1190 exact_unique=1036 full_exact_enabled=1 exact_capacity=1200 exact_waves=134 exact_scheduled=901 exact_deferred=0 exact_wave=901/1200 exact_queue_depth=0 exact_pending_instances=0 exact_s=140.715 exact_ok=901 exact_margin_max=0.41505928513 exact_scan_mean_s=0.013 exact_bisect_mean_s=0.005 exact_polish_mean_s=0.038 exact_final_mean_s=0.014 exact_margin_abs_b_max=6.41e-13 cache_hits=0 cache_misses=0 cache_waits=0
28 	2500 	0.285  	6907.21    	8467.81    	3121.39    	9  	20.8608	151	23.9305
Best individuals of this generation:
add(add(add(add(add(mul(add(mul(x2, sin(x1)), sin(a)), mul(x1, x1)), mul(a, mul(x1, x2))), mul(a, mul(x1, x3))), mul(add(add(a, x1), mul(x1, x1)), mul(x2, x2))), mul(a, mul(x2, x3))), mul(add(mul(mul(mul(x1, a), a), mul(x1, x2)), a), mul(x3, x3)))
GEN 28 best fitness=0.285 len=57 :: grid=0 [all terms 0] lattice c_v=0.1756 kappa=1.428 | extra=0.285 | exact[ok] price=0 roots=257 viol=0 | DET4 c_v*=0.1745 kappa*=0.2019 certified=True worst_r=0.25 pen=0/0/0 | boundary_min=0.01103 w_scale=0.137
GPU5 stages: candidates=2500 pre_s=129.775 cheap_candidates=2500 cheap_unique=2196 cheap_s=73.543/40.000 cheap_rejected=1312 cheap_a_min=-8.29022686886e+14 cheap_a_p50=0.458152989794 cheap_a_p95=1.46263561889e+13 cheap_a_max=5.8187152779e+14 exact_a_gate=0.15 exact_provisional_penalty=641.369000822 exact_candidates=1188 exact_unique=1020 full_exact_enabled=1 exact_capacity=1200 exact_waves=134 exact_scheduled=868 exact_deferred=0 exact_wave=868/1200 exact_queue_depth=0 exact_pending_instances=0 exact_s=133.594 exact_ok=868 exact_margin_max=1.68765470007 exact_scan_mean_s=0.014 exact_bisect_mean_s=0.004 exact_polish_mean_s=0.037 exact_final_mean_s=0.013 exact_margin_abs_b_max=7.64e-13 cache_hits=0 cache_misses=0 cache_waits=0
29 	2500 	0.285  	6905.81    	8467.81    	3124.2     	9  	21.0744	153	24.8749
Best individuals of this generation:
add(add(add(add(add(mul(add(mul(x2, sin(x1)), sin(a)), mul(x1, x1)), mul(a, mul(x1, x2))), mul(a, mul(x1, x3))), mul(add(add(a, x1), mul(x1, x1)), mul(x2, x2))), mul(a, mul(x2, x3))), mul(add(mul(mul(mul(x1, a), a), mul(x1, x2)), a), mul(x3, x3)))
GEN 29 best fitness=0.285 len=57 :: grid=0 [all terms 0] lattice c_v=0.1756 kappa=1.428 | extra=0.285 | exact[ok] price=0 roots=257 viol=0 | DET4 c_v*=0.1745 kappa*=0.2019 certified=True worst_r=0.25 pen=0/0/0 | boundary_min=0.01103 w_scale=0.137
GPU5 stages: candidates=2500 pre_s=125.769 cheap_candidates=2500 cheap_unique=2169 cheap_s=72.445/40.000 cheap_rejected=1292 cheap_a_min=-8.29022686886e+14 cheap_a_p50=0.392162232722 cheap_a_p95=1.46263561889e+13 cheap_a_max=2.02549076154e+14 exact_a_gate=0.15 exact_provisional_penalty=1056.03283291 exact_candidates=1208 exact_unique=1000 full_exact_enabled=1 exact_capacity=1200 exact_waves=134 exact_scheduled=840 exact_deferred=0 exact_wave=840/1200 exact_queue_depth=0 exact_pending_instances=0 exact_s=125.441 exact_ok=840 exact_margin_max=2.41938498588 exact_scan_mean_s=0.013 exact_bisect_mean_s=0.004 exact_polish_mean_s=0.039 exact_final_mean_s=0.012 exact_margin_abs_b_max=6.22e-11 cache_hits=0 cache_misses=0 cache_waits=0
30 	2500 	0.285  	6904.81    	8467.81    	3126.18    	9  	21.0752	153	25.166 
Best individuals of this generation:
add(add(add(add(add(mul(add(mul(x2, sin(x1)), sin(a)), mul(x1, x1)), mul(a, mul(x1, x2))), mul(a, mul(x1, x3))), mul(add(add(a, x1), mul(x1, x1)), mul(x2, x2))), mul(a, mul(x2, x3))), mul(add(mul(mul(mul(x1, a), a), mul(x1, x2)), a), mul(x3, x3)))
GEN 30 best fitness=0.285 len=57 :: grid=0 [all terms 0] lattice c_v=0.1756 kappa=1.428 | extra=0.285 | exact[ok] price=0 roots=257 viol=0 | DET4 c_v*=0.1745 kappa*=0.2019 certified=True worst_r=0.25 pen=0/0/0 | boundary_min=0.01103 w_scale=0.137
GPU5 stages: candidates=2500 pre_s=126.654 cheap_candidates=2500 cheap_unique=2153 cheap_s=73.278/40.000 cheap_rejected=1268 cheap_a_min=-8.29022686886e+14 cheap_a_p50=0.321820291855 cheap_a_p95=1.46263561889e+13 cheap_a_max=8.33631544295e+14 exact_a_gate=0.15 exact_provisional_penalty=9.92150974655e+26 exact_candidates=1232 exact_unique=1018 full_exact_enabled=1 exact_capacity=1200 exact_waves=134 exact_scheduled=859 exact_deferred=0 exact_wave=859/1200 exact_queue_depth=0 exact_pending_instances=0 exact_s=126.676 exact_ok=859 exact_margin_max=0.718523962976 exact_scan_mean_s=0.014 exact_bisect_mean_s=0.004 exact_polish_mean_s=0.039 exact_final_mean_s=0.012 exact_margin_abs_b_max=9.98e-13 cache_hits=0 cache_misses=0 cache_waits=0
31 	2500 	0.285  	6903.57    	8467.81    	3128.68    	9  	21.146 	155	25.5687
Best individuals of this generation:
add(add(add(add(add(mul(add(mul(x2, sin(x1)), sin(a)), mul(x1, x1)), mul(a, mul(x1, x2))), mul(a, mul(x1, x3))), mul(add(add(a, x1), mul(x1, x1)), mul(x2, x2))), mul(a, mul(x2, x3))), mul(add(mul(mul(mul(x1, a), a), mul(x1, x2)), a), mul(x3, x3)))
GEN 31 best fitness=0.285 len=57 :: grid=0 [all terms 0] lattice c_v=0.1756 kappa=1.428 | extra=0.285 | exact[ok] price=0 roots=257 viol=0 | DET4 c_v*=0.1745 kappa*=0.2019 certified=True worst_r=0.25 pen=0/0/0 | boundary_min=0.01103 w_scale=0.137
GPU5 stages: candidates=2500 pre_s=129.888 cheap_candidates=2500 cheap_unique=2126 cheap_s=71.561/40.000 cheap_rejected=1296 cheap_a_min=-8.29022686886e+14 cheap_a_p50=0.376804542117 cheap_a_p95=2.89670157844e+13 cheap_a_max=2.75095355192e+14 exact_a_gate=0.15 exact_provisional_penalty=94480.6881298 exact_candidates=1204 exact_unique=977 full_exact_enabled=1 exact_capacity=1200 exact_waves=134 exact_scheduled=802 exact_deferred=0 exact_wave=802/1200 exact_queue_depth=0 exact_pending_instances=0 exact_s=147.179 exact_ok=802 exact_margin_max=3.04553653404 exact_scan_mean_s=0.015 exact_bisect_mean_s=0.005 exact_polish_mean_s=0.040 exact_final_mean_s=0.009 exact_margin_abs_b_max=3.33e-11 cache_hits=0 cache_misses=0 cache_waits=0
32 	2500 	0.285  	6902.52    	8467.81    	3130.82    	9  	21.3612	155	26.388 
Best individuals of this generation:
add(add(add(add(add(mul(add(mul(x2, sin(x1)), sin(a)), mul(x1, x1)), mul(a, mul(x1, x2))), mul(a, mul(x1, x3))), mul(add(add(a, x1), mul(x1, x1)), mul(x2, x2))), mul(a, mul(x2, x3))), mul(add(mul(mul(mul(x1, a), a), mul(x1, x2)), a), mul(x3, x3)))
GEN 32 best fitness=0.285 len=57 :: grid=0 [all terms 0] lattice c_v=0.1756 kappa=1.428 | extra=0.285 | exact[ok] price=0 roots=257 viol=0 | DET4 c_v*=0.1745 kappa*=0.2019 certified=True worst_r=0.25 pen=0/0/0 | boundary_min=0.01103 w_scale=0.137
GPU5 stages: candidates=2500 pre_s=128.323 cheap_candidates=2500 cheap_unique=2137 cheap_s=72.330/40.000 cheap_rejected=1239 cheap_a_min=-8.29022686886e+14 cheap_a_p50=0.0299450361234 cheap_a_p95=1.46263561887e+13 cheap_a_max=1.40794614107e+14 exact_a_gate=0.15 exact_provisional_penalty=8.19148668869e+30 exact_candidates=1261 exact_unique=1033 full_exact_enabled=1 exact_capacity=1200 exact_waves=134 exact_scheduled=872 exact_deferred=0 exact_wave=872/1200 exact_queue_depth=0 exact_pending_instances=0 exact_s=120.493 exact_ok=872 exact_margin_max=0.824530680643 exact_scan_mean_s=0.013 exact_bisect_mean_s=0.005 exact_polish_mean_s=0.038 exact_final_mean_s=0.011 exact_margin_abs_b_max=2.42e-12 cache_hits=0 cache_misses=0 cache_waits=0
33 	2500 	0.285  	6901.78    	8467.8     	3132.29    	9  	21.5012	155	26.8078
Best individuals of this generation:
add(add(add(add(add(mul(add(mul(x2, sin(x1)), sin(a)), mul(x1, x1)), mul(a, mul(x1, x2))), mul(a, mul(x1, x3))), mul(add(add(a, x1), mul(x1, x1)), mul(x2, x2))), mul(a, mul(x2, x3))), mul(add(mul(mul(mul(x1, a), a), mul(x1, x2)), a), mul(x3, x3)))
GEN 33 best fitness=0.285 len=57 :: grid=0 [all terms 0] lattice c_v=0.1756 kappa=1.428 | extra=0.285 | exact[ok] price=0 roots=257 viol=0 | DET4 c_v*=0.1745 kappa*=0.2019 certified=True worst_r=0.25 pen=0/0/0 | boundary_min=0.01103 w_scale=0.137
GPU5 stages: candidates=2500 pre_s=131.284 cheap_candidates=2500 cheap_unique=2099 cheap_s=71.487/40.000 cheap_rejected=1236 cheap_a_min=-8.29022686886e+14 cheap_a_p50=-0 cheap_a_p95=1.46263561906e+13 cheap_a_max=6.20820280448e+14 exact_a_gate=0.15 exact_provisional_penalty=710.000852151 exact_candidates=1264 exact_unique=987 full_exact_enabled=1 exact_capacity=1200 exact_waves=134 exact_scheduled=800 exact_deferred=0 exact_wave=800/1200 exact_queue_depth=0 exact_pending_instances=0 exact_s=138.690 exact_ok=800 exact_margin_max=0.678390338523 exact_scan_mean_s=0.015 exact_bisect_mean_s=0.004 exact_polish_mean_s=0.034 exact_final_mean_s=0.012 exact_margin_abs_b_max=6.23e-11 cache_hits=0 cache_misses=0 cache_waits=0
34 	2500 	0.285  	6901.15    	8467.8     	3133.54    	9  	21.5012	155	26.8107
Best individuals of this generation:
add(add(add(add(add(mul(add(mul(x2, sin(x1)), sin(a)), mul(x1, x1)), mul(a, mul(x1, x2))), mul(a, mul(x1, x3))), mul(add(add(a, x1), mul(x1, x1)), mul(x2, x2))), mul(a, mul(x2, x3))), mul(add(mul(mul(mul(x1, a), a), mul(x1, x2)), a), mul(x3, x3)))
GEN 34 best fitness=0.285 len=57 :: grid=0 [all terms 0] lattice c_v=0.1756 kappa=1.428 | extra=0.285 | exact[ok] price=0 roots=257 viol=0 | DET4 c_v*=0.1745 kappa*=0.2019 certified=True worst_r=0.25 pen=0/0/0 | boundary_min=0.01103 w_scale=0.137
GPU5 stages: candidates=2500 pre_s=136.375 cheap_candidates=2500 cheap_unique=2142 cheap_s=74.041/40.000 cheap_rejected=1254 cheap_a_min=-8.29022686886e+14 cheap_a_p50=0.256098005395 cheap_a_p95=1.46263561889e+13 cheap_a_max=1.41040897699e+14 exact_a_gate=0.15 exact_provisional_penalty=748.986004135 exact_candidates=1246 exact_unique=1011 full_exact_enabled=1 exact_capacity=1200 exact_waves=134 exact_scheduled=839 exact_deferred=0 exact_wave=839/1200 exact_queue_depth=0 exact_pending_instances=0 exact_s=124.946 exact_ok=839 exact_margin_max=0.114206917215 exact_scan_mean_s=0.014 exact_bisect_mean_s=0.003 exact_polish_mean_s=0.035 exact_final_mean_s=0.008 exact_margin_abs_b_max=2.79e-11 cache_hits=0 cache_misses=0 cache_waits=0
35 	2500 	0.285  	6900.53    	8467.8     	3134.78    	9  	21.5184	155	26.7661
Best individuals of this generation:
add(add(add(add(add(mul(add(mul(x2, sin(x1)), sin(a)), mul(x1, x1)), mul(a, mul(x1, x2))), mul(a, mul(x1, x3))), mul(add(add(a, x1), mul(x1, x1)), mul(x2, x2))), mul(a, mul(x2, x3))), mul(add(mul(mul(mul(x1, a), a), mul(x1, x2)), a), mul(x3, x3)))
GEN 35 best fitness=0.285 len=57 :: grid=0 [all terms 0] lattice c_v=0.1756 kappa=1.428 | extra=0.285 | exact[ok] price=0 roots=257 viol=0 | DET4 c_v*=0.1745 kappa*=0.2019 certified=True worst_r=0.25 pen=0/0/0 | boundary_min=0.01103 w_scale=0.137
GPU5 stages: candidates=2500 pre_s=134.124 cheap_candidates=2500 cheap_unique=2125 cheap_s=70.908/40.000 cheap_rejected=1298 cheap_a_min=-8.29022686886e+14 cheap_a_p50=0.401239567343 cheap_a_p95=1.8307873941e+13 cheap_a_max=1.40794614107e+14 exact_a_gate=0.15 exact_provisional_penalty=780.546814968 exact_candidates=1202 exact_unique=980 full_exact_enabled=1 exact_capacity=1200 exact_waves=134 exact_scheduled=819 exact_deferred=0 exact_wave=819/1200 exact_queue_depth=0 exact_pending_instances=0 exact_s=121.976 exact_ok=819 exact_margin_max=1.51872915382 exact_scan_mean_s=0.015 exact_bisect_mean_s=0.003 exact_polish_mean_s=0.038 exact_final_mean_s=0.011 exact_margin_abs_b_max=1.12e-12 cache_hits=0 cache_misses=0 cache_waits=0
36 	2500 	0.285  	6900.02    	8467.8     	3135.8     	9  	21.6212	155	26.9486
Best individuals of this generation:
add(add(add(add(add(mul(add(mul(x2, sin(x1)), sin(a)), mul(x1, x1)), mul(a, mul(x1, x2))), mul(a, mul(x1, x3))), mul(add(add(a, x1), mul(x1, x1)), mul(x2, x2))), mul(a, mul(x2, x3))), mul(add(mul(mul(mul(x1, a), a), mul(x1, x2)), a), mul(x3, x3)))
GEN 36 best fitness=0.285 len=57 :: grid=0 [all terms 0] lattice c_v=0.1756 kappa=1.428 | extra=0.285 | exact[ok] price=0 roots=257 viol=0 | DET4 c_v*=0.1745 kappa*=0.2019 certified=True worst_r=0.25 pen=0/0/0 | boundary_min=0.01103 w_scale=0.137
GPU5 stages: candidates=2500 pre_s=129.315 cheap_candidates=2500 cheap_unique=2098 cheap_s=71.003/40.000 cheap_rejected=1258 cheap_a_min=-8.29022686886e+14 cheap_a_p50=0.234889960494 cheap_a_p95=1.46263561905e+13 cheap_a_max=1.40794614107e+14 exact_a_gate=0.15 exact_provisional_penalty=1411.79056338 exact_candidates=1242 exact_unique=988 full_exact_enabled=1 exact_capacity=1200 exact_waves=134 exact_scheduled=812 exact_deferred=0 exact_wave=812/1200 exact_queue_depth=0 exact_pending_instances=47 exact_s=131.722 exact_ok=812 exact_margin_max=1.03607010572 exact_scan_mean_s=0.014 exact_bisect_mean_s=0.004 exact_polish_mean_s=0.038 exact_final_mean_s=0.013 exact_margin_abs_b_max=8.46e-13 cache_hits=0 cache_misses=0 cache_waits=0
37 	2500 	0.285  	6899.16    	8467.8     	3137.53    	9  	22.0456	169	28.0466
Best individuals of this generation:
add(add(add(add(add(mul(add(mul(x2, sin(x1)), sin(a)), mul(x1, x1)), mul(a, mul(x1, x2))), mul(a, mul(x1, x3))), mul(add(add(a, x1), mul(x1, x1)), mul(x2, x2))), mul(a, mul(x2, x3))), mul(add(mul(mul(mul(x1, a), a), mul(x1, x2)), a), mul(x3, x3)))
GEN 37 best fitness=0.285 len=57 :: grid=0 [all terms 0] lattice c_v=0.1756 kappa=1.428 | extra=0.285 | exact[ok] price=0 roots=257 viol=0 | DET4 c_v*=0.1745 kappa*=0.2019 certified=True worst_r=0.25 pen=0/0/0 | boundary_min=0.01103 w_scale=0.137
GPU5 stages: candidates=2500 pre_s=132.314 cheap_candidates=2500 cheap_unique=2123 cheap_s=73.310/40.000 cheap_rejected=1299 cheap_a_min=-8.29022686886e+14 cheap_a_p50=0.35568321036 cheap_a_p95=1.46263561889e+13 cheap_a_max=1.40794614107e+14 exact_a_gate=0.15 exact_provisional_penalty=705.477975902 exact_candidates=1201 exact_unique=973 full_exact_enabled=1 exact_capacity=1200 exact_waves=134 exact_scheduled=812 exact_deferred=0 exact_wave=812/1200 exact_queue_depth=0 exact_pending_instances=4 exact_s=121.098 exact_ok=812 exact_margin_max=0.265205212423 exact_scan_mean_s=0.012 exact_bisect_mean_s=0.005 exact_polish_mean_s=0.039 exact_final_mean_s=0.007 exact_margin_abs_b_max=4.04e-09 cache_hits=0 cache_misses=0 cache_waits=0
38 	2500 	0.285  	6898.32    	8467.8     	3139.23    	9  	22.2788	169	28.6417
Best individuals of this generation:
add(add(add(add(add(mul(add(mul(x2, sin(x1)), sin(a)), mul(x1, x1)), mul(a, mul(x1, x2))), mul(a, mul(x1, x3))), mul(add(add(a, x1), mul(x1, x1)), mul(x2, x2))), mul(a, mul(x2, x3))), mul(add(mul(mul(mul(x1, a), a), mul(x1, x2)), a), mul(x3, x3)))
GEN 38 best fitness=0.285 len=57 :: grid=0 [all terms 0] lattice c_v=0.1756 kappa=1.428 | extra=0.285 | exact[ok] price=0 roots=257 viol=0 | DET4 c_v*=0.1745 kappa*=0.2019 certified=True worst_r=0.25 pen=0/0/0 | boundary_min=0.01103 w_scale=0.137
Stopping Ray Slurm steps...
