2026-09-20 05:18:14,798	INFO worker.py:1814 -- Connecting to existing Ray cluster at address: 10.10.6.2:47893...
2026-09-20 05:18:14,840	INFO worker.py:2012 -- Connected to Ray cluster.
/tmp/flex_147893/lib/python3.12/site-packages/ray/_private/worker.py:2051: FutureWarning: Tip: In future versions of Ray, Ray will no longer override accelerator visible devices env var if num_gpus=0 or num_gpus=None (default). To enable this behavior and turn off this error message, set RAY_ACCEL_ENV_VAR_OVERRIDE_ON_ZERO=0
  warnings.warn(
srun: Job step aborted: Waiting up to 32 seconds for job step to finish.
srun: Job step aborted: Waiting up to 32 seconds for job step to finish.
srun: Job step aborted: Waiting up to 32 seconds for job step to finish.
srun: Job step aborted: Waiting up to 32 seconds for job step to finish.
[2026-09-20T05:30:50.312] error: *** JOB 147893 ON s06n02 CANCELLED AT 2026-09-20T05:30:50 DUE to SIGNAL Terminated ***
[2026-09-20T05:30:50.313] error: *** STEP 147893.2 ON s06n02 CANCELLED AT 2026-09-20T05:30:50 DUE to SIGNAL Terminated ***
[2026-09-20T05:30:50.318] error: *** STEP 147893.3 ON s07n02 CANCELLED AT 2026-09-20T05:30:50 DUE to SIGNAL Terminated ***
[2026-09-20T05:30:50.319] error: *** STEP 147893.4 ON s07n04 CANCELLED AT 2026-09-20T05:30:50 DUE to SIGNAL Terminated ***
[2026-09-20T05:30:50.319] error: *** STEP 147893.5 ON s07n03 CANCELLED AT 2026-09-20T05:30:50 DUE to SIGNAL Terminated ***
Traceback (most recent call last):
  File "/home/qaragoez/symclf_clean/symclf/examples/6DGP/run.py", line 217, in <module>
    main()
  File "/home/qaragoez/symclf_clean/symclf/examples/6DGP/run.py", line 199, in main
    gpsr.fit(train_data)
  File "/home/qaragoez/Flex/src/flex/gp/regressor.py", line 473, in fit
    self.__run(toolbox)
  File "/home/qaragoez/Flex/src/flex/gp/regressor.py", line 717, in __run
    self._evaluate_init_pop(toolbox)
  File "/home/qaragoez/Flex/src/flex/gp/regressor.py", line 702, in _evaluate_init_pop
    fitnesses = toolbox.map(toolbox.evaluate_train, self.__pop[i])
                ^^^^^^^^^^^^^^^^^^^^^^^^^^^^^^^^^^^^^^^^^^^^^^^^^^
  File "/home/qaragoez/symclf_clean/symclf/examples/6DGP/gp6d_engine.py", line 527, in persistent_actor_mapper
    items = [{"expression": str(ind), "length": int(lengths[i]), "nested_trig": float(nested[i])}
              ^^^^^^^^^^^^^^^^^^^^^^^^^^^^^^^^^^^^^^^^^^^^^^^^^^^^^^^^^^^^^^^^^^^^^^^^^^^^^^
  File "/home/qaragoez/symclf_clean/symclf/examples/6DGP/gp6d_engine.py", line 274, in _actor_map
    next_batch += 1
          ^^^^^^^^^^
  File "/tmp/flex_147893/lib/python3.12/site-packages/ray/_private/auto_init_hook.py", line 22, in auto_init_wrapper
    return fn(*args, **kwargs)
           ^^^^^^^^^^^^^^^^^^^
  File "/tmp/flex_147893/lib/python3.12/site-packages/ray/_private/client_mode_hook.py", line 107, in wrapper
    return func(*args, **kwargs)
           ^^^^^^^^^^^^^^^^^^^^^
  File "/tmp/flex_147893/lib/python3.12/site-packages/ray/_private/worker.py", line 2980, in get
    values, debugger_breakpoint = worker.get_objects(
                                  ^^^^^^^^^^^^^^^^^^^
  File "/tmp/flex_147893/lib/python3.12/site-packages/ray/_private/worker.py", line 1025, in get_objects
    raise value
ray.exceptions.ActorDiedError: The actor died unexpectedly before finishing this task.
	class_name: CPUFitnessActor
	actor_id: e5a0d67b1bedaac256ee8a5301000000
	pid: 3571693
	namespace: c6ad2e38-beae-4c62-8997-5a43446ece4a
	ip: 10.10.7.2
The actor is dead because its owner has died. Owner Id: 01000000ffffffffffffffffffffffffffffffffffffffffffffffff Owner Ip address: 10.10.6.2 Owner worker exit type: SYSTEM_ERROR Worker exit detail: Owner's node has crashed.
[2026-09-20 05:30:50,395 E 1497420 1497453] core_worker.cc:475: :info_message: Attempting to recover 3 lost objects by resubmitting their tasks or setting a new primary location from existing copies. To disable object reconstruction, set @ray.remote(max_retries=0).
srun: forcing job termination
srun: forcing job termination
srun: forcing job termination
srun: forcing job termination
