local env ready on all nodes in 110 s: python=/tmp/flex_147899/bin/python
V10 port: cma resumable=1 select=kappa cap=2500 first_cap=5000 deep=6 x 2500 slices=20 x 500
FLEX_MIGRATION_FIX=1 SYMCLF6D_B_NORM=l1 SYMCLF6D_GRID_POINTS=7 SYMCLF6D_LATTICE_LINES=3 SYMCLF6D_LATTICE_MESH=7 SYMCLF6D_LATTICE_SAMPLES=801 SYMCLF6D_SKIP_DEAD_ADAM=1 SYMCLF6D_SYSTEM=quad6d SYMCLF6D_TEMPLATE=full SYMCLF6D_TEMPLATE_X0=1.0 SYMCLF_CMA_DEEP_COUNT=6 SYMCLF_CMA_DEEP_EVALS=2500 SYMCLF_CMA_ELITE_COUNT=3 SYMCLF_CMA_ELITE_EVALS=2000 SYMCLF_CMA_ELITE_MAX_FITNESS=3000 SYMCLF_CMA_ELITE_POPSIZE=18 SYMCLF_CMA_ELITE_SEED=2 SYMCLF_CMA_FIRST_MAX_EVALS=5000 SYMCLF_CMA_MAX_EVALS_PER_STRUCTURE=2500 SYMCLF_CMA_MAX_RESTARTS=9 SYMCLF_CMA_RESUMABLE=1 SYMCLF_CMA_SELECT=kappa SYMCLF_CMA_SLICE_COUNT=20 SYMCLF_CMA_SLICE_EVALS=500 SYMCLF_CP3D_NESTED_PENALTY=50 SYMCLF_CP3D_ROA_C_TARGET=0.004 SYMCLF_CP3D_ROA_WEIGHT=500 SYMCLF_DET4_B_REL_TOL=1e-6 SYMCLF_DET4_GATE_KAPPA_CAP=1e6 SYMCLF_DET4_KAPPA_MIN=0 SYMCLF_DET4_ORIGIN_SEEDS=1 SYMCLF_DET4_PD_EPS=1e-4 SYMCLF_DET4_PEN_CV=10 SYMCLF_DET4_PEN_CV_TARGET=0.05 SYMCLF_DET4_PEN_KAPPA=100 SYMCLF_DET4_PEN_KAPPA_TARGET=1.0 SYMCLF_DET4_PEN_VOL=20 SYMCLF_DET4_PEN_VOL_TARGET=0.02 SYMCLF_DET4_PROJECT_ASCENT=1 SYMCLF_DET4_RHO=1000 SYMCLF_GPU2_TUNER_GENERATIONS=5 SYMCLF_GPU2_TUNER_RANDOM_POPULATION=35 SYMCLF_LENGTH_REG=0.005 SYMCLF_MAX_TREE_LENGTH=190 SYMCLF_TUNER_ADAM_EXIT_ZERO_GRAD=1 SYMCLF_TUNER_ADAM_PATIENCE=0 SYMCLF_TUNER_CONST_PERTURB_FRAC=0.5 SYMCLF_TUNER_CONST_RANGE=30 SYMCLF_TUNER_REFINE_LR=0.30 SYMCLF_TUNER_REFINE_STEPS=40 SYMCLF_TUNER_SKIP_ADAM_AT_ZERO=1 SYMCLF_V2_BOX=3,3,3,3,3,3 

numba warm-up done
Starting Ray head on s06n02 (attempt 1)...
2026-09-20 05:33:03,840	INFO usage_lib.py:474 -- Usage stats collection is enabled by default without user confirmation because this terminal is detected to be non-interactive. To disable this, add `--disable-usage-stats` to the command that starts the cluster, or run the following command: `ray disable-usage-stats` before starting the cluster. See https://docs.ray.io/en/master/cluster/usage-stats.html for more details.
2026-09-20 05:33:03,841	INFO scripts.py:940 -- [37mLocal node IP[39m: [1m10.10.6.2[22m
2026-09-20 05:33:06,229	SUCC scripts.py:979 -- [32m--------------------[39m
2026-09-20 05:33:06,229	SUCC scripts.py:980 -- [32mRay runtime started.[39m
2026-09-20 05:33:06,229	SUCC scripts.py:981 -- [32m--------------------[39m
2026-09-20 05:33:06,229	INFO scripts.py:983 -- [36mNext steps[39m
2026-09-20 05:33:06,229	INFO scripts.py:986 -- To add another node to this Ray cluster, run
2026-09-20 05:33:06,230	INFO scripts.py:989 -- [1m  ray start --address='10.10.6.2:47899'[22m
2026-09-20 05:33:06,230	INFO scripts.py:1000 -- To connect to this Ray cluster:
2026-09-20 05:33:06,230	INFO scripts.py:1002 -- [35mimport[39m[26m ray
2026-09-20 05:33:06,230	INFO scripts.py:1003 -- ray[35m.[39m[26minit(_node_ip_address[35m=[39m[26m[33m'10.10.6.2'[39m[26m)
2026-09-20 05:33:06,230	INFO scripts.py:1036 -- To terminate the Ray runtime, run
2026-09-20 05:33:06,230	INFO scripts.py:1037 -- [1m  ray stop[22m
2026-09-20 05:33:06,230	INFO scripts.py:1040 -- To view the status of the cluster, use
2026-09-20 05:33:06,230	INFO scripts.py:1041 --   [1mray status[22m[26m
2026-09-20 05:33:06,230	INFO scripts.py:1159 -- [36m[1m--block[22m[39m
2026-09-20 05:33:06,230	INFO scripts.py:1160 -- This command will now block forever until terminated by a signal.
2026-09-20 05:33:06,230	INFO scripts.py:1163 -- Running subprocesses are monitored and a message will be printed if any of them terminate unexpectedly. Subprocesses exit with SIGTERM will be treated as graceful, thus NOT reported.
2026-09-20 05:33:06,230	INFO scripts.py:1168 -- Process exit logs will be saved to: [1m/tmp/ray/session_2026-09-20_05-33-03_841822_1505563/logs/ray_process_exit.log[22m[26m
2026-09-20 05:33:24,616	INFO scripts.py:1128 -- [37mLocal node IP[39m: [1m10.10.7.2[22m
2026-09-20 05:33:25,822	SUCC scripts.py:1144 -- [32m--------------------[39m
2026-09-20 05:33:25,823	SUCC scripts.py:1145 -- [32mRay runtime started.[39m
2026-09-20 05:33:25,823	SUCC scripts.py:1146 -- [32m--------------------[39m
2026-09-20 05:33:25,823	INFO scripts.py:1148 -- To terminate the Ray runtime, run
2026-09-20 05:33:25,823	INFO scripts.py:1149 -- [1m  ray stop[22m
2026-09-20 05:33:25,824	INFO scripts.py:1159 -- [36m[1m--block[22m[39m
2026-09-20 05:33:25,824	INFO scripts.py:1160 -- This command will now block forever until terminated by a signal.
2026-09-20 05:33:25,824	INFO scripts.py:1163 -- Running subprocesses are monitored and a message will be printed if any of them terminate unexpectedly. Subprocesses exit with SIGTERM will be treated as graceful, thus NOT reported.
2026-09-20 05:33:25,824	INFO scripts.py:1168 -- Process exit logs will be saved to: [1m/tmp/ray/session_2026-09-20_05-33-03_841822_1505563/logs/ray_process_exit.log[22m[26m
2026-09-20 05:33:24,624	INFO scripts.py:1128 -- [37mLocal node IP[39m: [1m10.10.7.3[22m
2026-09-20 05:33:25,828	SUCC scripts.py:1144 -- [32m--------------------[39m
2026-09-20 05:33:25,828	SUCC scripts.py:1145 -- [32mRay runtime started.[39m
2026-09-20 05:33:25,828	SUCC scripts.py:1146 -- [32m--------------------[39m
2026-09-20 05:33:25,829	INFO scripts.py:1148 -- To terminate the Ray runtime, run
2026-09-20 05:33:25,829	INFO scripts.py:1149 -- [1m  ray stop[22m
2026-09-20 05:33:25,829	INFO scripts.py:1159 -- [36m[1m--block[22m[39m
2026-09-20 05:33:25,830	INFO scripts.py:1160 -- This command will now block forever until terminated by a signal.
2026-09-20 05:33:25,830	INFO scripts.py:1163 -- Running subprocesses are monitored and a message will be printed if any of them terminate unexpectedly. Subprocesses exit with SIGTERM will be treated as graceful, thus NOT reported.
2026-09-20 05:33:25,830	INFO scripts.py:1168 -- Process exit logs will be saved to: [1m/tmp/ray/session_2026-09-20_05-33-03_841822_1505563/logs/ray_process_exit.log[22m[26m
2026-09-20 05:33:24,635	INFO scripts.py:1128 -- [37mLocal node IP[39m: [1m10.10.7.4[22m
2026-09-20 05:33:25,841	SUCC scripts.py:1144 -- [32m--------------------[39m
2026-09-20 05:33:25,841	SUCC scripts.py:1145 -- [32mRay runtime started.[39m
2026-09-20 05:33:25,841	SUCC scripts.py:1146 -- [32m--------------------[39m
2026-09-20 05:33:25,841	INFO scripts.py:1148 -- To terminate the Ray runtime, run
2026-09-20 05:33:25,842	INFO scripts.py:1149 -- [1m  ray stop[22m
2026-09-20 05:33:25,842	INFO scripts.py:1159 -- [36m[1m--block[22m[39m
2026-09-20 05:33:25,843	INFO scripts.py:1160 -- This command will now block forever until terminated by a signal.
2026-09-20 05:33:25,843	INFO scripts.py:1163 -- Running subprocesses are monitored and a message will be printed if any of them terminate unexpectedly. Subprocesses exit with SIGTERM will be treated as graceful, thus NOT reported.
2026-09-20 05:33:25,843	INFO scripts.py:1168 -- Process exit logs will be saved to: [1m/tmp/ray/session_2026-09-20_05-33-03_841822_1505563/logs/ray_process_exit.log[22m[26m
all 4 Ray nodes registered
======== Autoscaler status: 2026-09-20 05:33:34.718531 ========
Node status
---------------------------------------------------------------
Active:
 1 node_213aabd4e6024104602fe51d859b07bb77630aa2e9b88db3da644d49
 1 node_d5c5e2c137b739d1c98d04ac317aa46104a8172261d756a45f8cb859
 1 node_345c370b03b9f1bb25e466f7a9de99d7edc2578c42f201ad48e5c7a0
 1 node_102280a630a70e126fe35362f7ab377e52c4cbbcee18003dee414eba
Pending:
 (no pending nodes)
Recent failures:
 (no failures)

Resources
---------------------------------------------------------------
Total Usage:
 0.0/144.0 CPU
 0B/1.03TiB memory
 0B/451.84GiB object_store_memory

From request_resources:
 (none)
Pending Demands:
 (no resource demands)
Starting run.py (6-D GP) 05:33:36
6D Ray resources: {'memory': 1132033979599.0, 'object_store_memory': 485157419825.0, 'node:10.10.7.2': 1.0, 'CPU': 144.0, 'node:10.10.7.3': 1.0, 'node:10.10.6.2': 1.0, 'node:__internal_head__': 1.0, 'node:10.10.7.4': 1.0}
6D system quad6d: box (3.0, 3.0, 3.0, 3.0, 3.0, 3.0) rho 1000.0 b-norm l1 grid 7^6 | hinges cv 10.0@0.05 kappa 100.0@1.0 vol 20.0@0.02
6D GP hyperparameters: population=2500 (num_individuals=500 x num_islands=5), generations=20000, crossover=0.7, mutation=0.3, reg_param=0.005, mig_freq=10, mig_frac=0.05
6D scheduling: 142 single-thread CPU actors on {'s06n02.prime.net': 36, 's07n03.prime.net': 36, 's07n02.prime.net': 35, 's07n04.prime.net': 35} | tuner SEA 36 x 5 + Adam 40 | max_len 190 | CMA 3 x 2000 evals, popsize 18, seed 2, gate 3000
Generating initial population(s)...
 Seeding population with individuals...
DONE.
Evaluating initial population(s)...
6D cma (resumable): 1 structures (1 deep, 0 slices), 7 loops in flight, 2502 evals, 1 certified, 0 resumed, restarts [0], states held 1
6D stages: candidates=500 s1_s=19.4 tune_mean_s=2.17 det4_candidates=3 det4_unique=3 det4_checked=3 det4_cached=0 s2_s=11.2 dead=497 certified=1 fitness_min=0.625 cma_runs=1 cma_certified=1 cma_best=0.625 cma_s=682.6 cache_entries=3
