local env ready on all nodes in 113 s: python=/tmp/flex_147760/bin/python
FLEX_MIGRATION_FIX=1 SYMCLF6D_B_NORM=l1 SYMCLF6D_FINAL_AUDIT=1 SYMCLF6D_GRID_POINTS=7 SYMCLF6D_LATTICE_LINES=3 SYMCLF6D_LATTICE_MESH=7 SYMCLF6D_LATTICE_SAMPLES=801 SYMCLF6D_SYSTEM=quad6d SYMCLF6D_TEMPLATE=full SYMCLF6D_TEMPLATE_X0=1.0 SYMCLF_CMA_ELITE_COUNT=2 SYMCLF_CMA_ELITE_EVALS=60 SYMCLF_CMA_ELITE_MAX_FITNESS=3000 SYMCLF_CMA_ELITE_POPSIZE=18 SYMCLF_CMA_ELITE_SEED=2 SYMCLF_CP3D_NESTED_PENALTY=50 SYMCLF_CP3D_ROA_C_TARGET=0.004 SYMCLF_CP3D_ROA_WEIGHT=500 SYMCLF_DET4_B_REL_TOL=1e-6 SYMCLF_DET4_GATE_KAPPA_CAP=1e6 SYMCLF_DET4_KAPPA_MIN=0 SYMCLF_DET4_ORIGIN_SEEDS=1 SYMCLF_DET4_PD_EPS=1e-4 SYMCLF_DET4_PEN_CV=10 SYMCLF_DET4_PEN_CV_TARGET=0.05 SYMCLF_DET4_PEN_KAPPA=100 SYMCLF_DET4_PEN_KAPPA_TARGET=1.0 SYMCLF_DET4_PEN_VOL=20 SYMCLF_DET4_PEN_VOL_TARGET=0.02 SYMCLF_DET4_PROJECT_ASCENT=1 SYMCLF_DET4_RHO=1000 SYMCLF_GPU2_TUNER_GENERATIONS=5 SYMCLF_GPU2_TUNER_RANDOM_POPULATION=35 SYMCLF_LENGTH_REG=0.005 SYMCLF_MAX_TREE_LENGTH=90 SYMCLF_OPT_GENERATIONS=2 SYMCLF_OPT_NUM_ISLANDS=2 SYMCLF_OPT_POPULATION=40 SYMCLF_TUNER_ADAM_EXIT_ZERO_GRAD=1 SYMCLF_TUNER_ADAM_PATIENCE=0 SYMCLF_TUNER_CONST_PERTURB_FRAC=0.5 SYMCLF_TUNER_CONST_RANGE=30 SYMCLF_TUNER_REFINE_LR=0.30 SYMCLF_TUNER_REFINE_STEPS=3 SYMCLF_TUNER_SKIP_ADAM_AT_ZERO=1 SYMCLF_V2_BOX=3,3,3,3,3,3 

numba warm-up done
Starting Ray head on s07n02 (attempt 1)...
2026-09-19 14:21:52,046	INFO usage_lib.py:474 -- Usage stats collection is enabled by default without user confirmation because this terminal is detected to be non-interactive. To disable this, add `--disable-usage-stats` to the command that starts the cluster, or run the following command: `ray disable-usage-stats` before starting the cluster. See https://docs.ray.io/en/master/cluster/usage-stats.html for more details.
2026-09-19 14:21:52,046	INFO scripts.py:940 -- [37mLocal node IP[39m: [1m10.10.7.2[22m
2026-09-19 14:21:54,931	SUCC scripts.py:979 -- [32m--------------------[39m
2026-09-19 14:21:54,931	SUCC scripts.py:980 -- [32mRay runtime started.[39m
2026-09-19 14:21:54,932	SUCC scripts.py:981 -- [32m--------------------[39m
2026-09-19 14:21:54,932	INFO scripts.py:983 -- [36mNext steps[39m
2026-09-19 14:21:54,932	INFO scripts.py:986 -- To add another node to this Ray cluster, run
2026-09-19 14:21:54,932	INFO scripts.py:989 -- [1m  ray start --address='10.10.7.2:47760'[22m
2026-09-19 14:21:54,932	INFO scripts.py:1000 -- To connect to this Ray cluster:
2026-09-19 14:21:54,932	INFO scripts.py:1002 -- [35mimport[39m[26m ray
2026-09-19 14:21:54,933	INFO scripts.py:1003 -- ray[35m.[39m[26minit(_node_ip_address[35m=[39m[26m[33m'10.10.7.2'[39m[26m)
2026-09-19 14:21:54,933	INFO scripts.py:1036 -- To terminate the Ray runtime, run
2026-09-19 14:21:54,933	INFO scripts.py:1037 -- [1m  ray stop[22m
2026-09-19 14:21:54,933	INFO scripts.py:1040 -- To view the status of the cluster, use
2026-09-19 14:21:54,933	INFO scripts.py:1041 --   [1mray status[22m[26m
2026-09-19 14:21:54,934	INFO scripts.py:1159 -- [36m[1m--block[22m[39m
2026-09-19 14:21:54,934	INFO scripts.py:1160 -- This command will now block forever until terminated by a signal.
2026-09-19 14:21:54,934	INFO scripts.py:1163 -- Running subprocesses are monitored and a message will be printed if any of them terminate unexpectedly. Subprocesses exit with SIGTERM will be treated as graceful, thus NOT reported.
2026-09-19 14:21:54,934	INFO scripts.py:1168 -- Process exit logs will be saved to: [1m/tmp/ray/session_2026-09-19_14-21-52_047057_3348423/logs/ray_process_exit.log[22m[26m
all 1 Ray nodes registered
======== Autoscaler status: 2026-09-19 14:22:13.455920 ========
Node status
---------------------------------------------------------------
Active:
 1 node_5ed6233adb1a6e1c40ab7738aa82378347a602cac16eba5efc541be2
Pending:
 (no pending nodes)
Recent failures:
 (no failures)

Resources
---------------------------------------------------------------
Total Usage:
 0.0/36.0 CPU
 0B/263.40GiB memory
 0B/112.89GiB object_store_memory

From request_resources:
 (none)
Pending Demands:
 (no resource demands)
Starting run.py (6-D GP) 14:22:14
6D Ray resources: {'object_store_memory': 121210804224.0, 'CPU': 36.0, 'memory': 282825209856.0, 'node:10.10.7.2': 1.0, 'node:__internal_head__': 1.0}
6D system quad6d: box (3.0, 3.0, 3.0, 3.0, 3.0, 3.0) rho 1000.0 b-norm l1 grid 7^6 | hinges cv 10.0@0.05 kappa 100.0@1.0 vol 20.0@0.02
6D GP hyperparameters: population=40 (num_individuals=20 x num_islands=2), generations=2, crossover=0.7, mutation=0.3, reg_param=0.005, mig_freq=10, mig_frac=0.05
6D scheduling: 34 single-thread CPU actors on {'s07n02.prime.net': 34} | tuner SEA 36 x 5 + Adam 3 | max_len 90 | CMA 2 x 60 evals, popsize 18, seed 2, gate 3000
Generating initial population(s)...
 Seeding population with individuals...
DONE.
Evaluating initial population(s)...
6D stages: candidates=20 s1_s=9.9 tune_mean_s=2.00 det4_candidates=1 det4_unique=1 det4_checked=1 det4_cached=0 s2_s=10.1 dead=18 certified=0 fitness_min=606.17 cma_runs=0 cma_certified=0 cma_best=nan cma_s=0.0 cache_entries=1
6D stages: candidates=20 s1_s=9.7 tune_mean_s=2.42 det4_candidates=0 det4_unique=0 det4_checked=0 det4_cached=0 s2_s=0.0 dead=20 certified=0 fitness_min=5.00859e+06 cma_runs=0 cma_certified=0 cma_best=nan cma_s=0.0 cache_entries=1
DONE.
 -= START OF EVOLUTION =- 
6D stages: candidates=40 s1_s=13.7 tune_mean_s=2.98 det4_candidates=2 det4_unique=2 det4_checked=2 det4_cached=0 s2_s=9.3 dead=38 certified=0 fitness_min=1.00854e+06 cma_runs=0 cma_certified=0 cma_best=nan cma_s=0.0 cache_entries=3
   	     	                      fitness                      	             size             
   	     	---------------------------------------------------	------------------------------
gen	evals	min   	avg        	max        	std        	min	avg	max	std   
1  	40   	606.17	7.32475e+06	1.24233e+07	2.67477e+06	2  	8.6	27 	6.2881
Best individuals of this generation:
add(add(add(add(add(add(mul(x1, x1), mul(x2, x2)), mul(x3, x3)), mul(x4, x4)), mul(x5, x5)), mul(x6, x6)), mul(x1, x2))
GEN 1 best fitness=606.17 len=27 :: grid=606 [roa=606] lattice c_v=0.5 kappa=-0 | extra=0.135 | det4 price=0 c_v*=0.5 kappa*=-0 certified=False worst_r=3 pen=0/100/6.03 | boundary_min=7 volume=0.014
6D stages: candidates=40 s1_s=12.5 tune_mean_s=3.25 det4_candidates=7 det4_unique=7 det4_checked=6 det4_cached=1 s2_s=11.1 dead=33 certified=0 fitness_min=603.137 cma_runs=0 cma_certified=0 cma_best=nan cma_s=0.0 cache_entries=9
2  	40   	603.137	4.89176e+06	8.77593e+06	2.13202e+06	2  	10.8	29 	8.1676
Best individuals of this generation:
add(add(add(add(add(add(mul(x1, x1), mul(x2, x2)), mul(add(x3, x4), x3)), mul(x4, x4)), mul(x5, x5)), mul(x6, x6)), mul(x1, x2))
GEN 2 best fitness=603.137 len=29 :: grid=603 [roa=603] lattice c_v=0.5 kappa=-0 | extra=0.145 | det4 price=0 c_v*=0.5 kappa*=-0 certified=False worst_r=1.71 pen=0/100/2.99 | boundary_min=7 volume=0.017
 -= END OF EVOLUTION =- 
The best individual is add(add(add(add(add(add(mul(x1, x1), mul(x2, x2)), mul(add(x3, x4), x3)), mul(x4, x4)), mul(x5, x5)), mul(x6, x6)), mul(x1, x2))
The best fitness on the training set is 603.1368
Best expression: add(add(add(add(add(add(mul(x1, x1), mul(x2, x2)), mul(add(x3, x4), x3)), mul(x4, x4)), mul(x5, x5)), mul(x6, x6)), mul(x1, x2)) 
Best constants: [] 
Elapsed: 76.41136884689331
