2026-09-20 05:56:09,146	INFO worker.py:1814 -- Connecting to existing Ray cluster at address: 10.10.8.12:47906...
2026-09-20 05:56:09,195	INFO worker.py:2012 -- Connected to Ray cluster.
/tmp/flex_147906/lib/python3.12/site-packages/ray/_private/worker.py:2051: FutureWarning: Tip: In future versions of Ray, Ray will no longer override accelerator visible devices env var if num_gpus=0 or num_gpus=None (default). To enable this behavior and turn off this error message, set RAY_ACCEL_ENV_VAR_OVERRIDE_ON_ZERO=0
  warnings.warn(
srun: Job step aborted: Waiting up to 32 seconds for job step to finish.
srun: Job step aborted: Waiting up to 32 seconds for job step to finish.
[2026-09-20T11:55:08.885] error: *** STEP 147906.3 ON s08n22 CANCELLED AT 2026-09-20T11:55:08 DUE to SIGNAL Terminated ***
[2026-09-20T11:55:08.887] error: *** JOB 147906 ON s08n12 CANCELLED AT 2026-09-20T11:55:08 DUE to SIGNAL Terminated ***
[2026-09-20T11:55:08.888] error: *** STEP 147906.2 ON s08n12 CANCELLED AT 2026-09-20T11:55:08 DUE to SIGNAL Terminated ***
Traceback (most recent call last):
  File "/home/qaragoez/symclf_clean/symclf/examples/link2_GP/run.py", line 217, in <module>
    main()
  File "/home/qaragoez/symclf_clean/symclf/examples/link2_GP/run.py", line 199, in main
    gpsr.fit(train_data)
  File "/home/qaragoez/Flex/src/flex/gp/regressor.py", line 473, in fit
    self.__run(toolbox)
  File "/home/qaragoez/Flex/src/flex/gp/regressor.py", line 728, in __run
    self._step(toolbox, self.__cgen)
  File "/home/qaragoez/Flex/src/flex/gp/regressor.py", line 650, in _step
    num_evals = self.__evolve_islands(cgen, toolbox)
                ^^^^^^^^^^^^^^^^^^^^^^^^^^^^^^^^^^^^
  File "/home/qaragoez/Flex/src/flex/gp/regressor.py", line 571, in __evolve_islands
    fitnesses = toolbox.map(
                ^^^^^^^^^^^^
  File "/home/qaragoez/symclf_clean/symclf/examples/link2_GP/gp6d_engine.py", line 531, in persistent_actor_mapper
    def persistent_actor_mapper(_function, individuals, *, actors, batch_size=4):
                  ^^^^^^^^^^^^^^^^^^^^^^^^^^^^^^^^^^^^^^^^^^^^^^^^^^^^^^^^^^^^^^^^
  File "/home/qaragoez/symclf_clean/symclf/examples/link2_GP/gp6d_engine.py", line 278, in _actor_map
    out = ray.get(ready[0])
          ^^^^^^^^^^^^^^^^^
  File "/tmp/flex_147906/lib/python3.12/site-packages/ray/_private/auto_init_hook.py", line 22, in auto_init_wrapper
    return fn(*args, **kwargs)
           ^^^^^^^^^^^^^^^^^^^
  File "/tmp/flex_147906/lib/python3.12/site-packages/ray/_private/client_mode_hook.py", line 107, in wrapper
    return func(*args, **kwargs)
           ^^^^^^^^^^^^^^^^^^^^^
  File "/tmp/flex_147906/lib/python3.12/site-packages/ray/_private/worker.py", line 2980, in get
    values, debugger_breakpoint = worker.get_objects(
                                  ^^^^^^^^^^^^^^^^^^^
  File "/tmp/flex_147906/lib/python3.12/site-packages/ray/_private/worker.py", line 1025, in get_objects
    raise value
ray.exceptions.ActorDiedError: The actor died unexpectedly before finishing this task.
	class_name: CPUFitnessActor
	actor_id: a01cd47880e391a4e4ceb40a01000000
	pid: 4029871
	namespace: 765285fc-4036-4503-a304-b1c4a9045249
	ip: 10.10.8.22
The actor died because its node has died. Node Id: 0ab9ef4feb4e57af357d47bcfc5fb152277186bf6ea04963aefe41fd
	the actor's node was terminated expectedly: received SIGTERM
[2026-09-20 11:55:08,961 E 835182 835217] core_worker.cc:475: :info_message: Attempting to recover 3 lost objects by resubmitting their tasks or setting a new primary location from existing copies. To disable object reconstruction, set @ray.remote(max_retries=0).
srun: forcing job termination
srun: forcing job termination
