local env ready on all nodes in 90 s: python=/tmp/flex_147869/bin/python
FLEX_MIGRATION_FIX=1 SYMCLF6D_B_NORM=l1 SYMCLF6D_GRID_POINTS=21 SYMCLF6D_LATTICE_LINES=9 SYMCLF6D_LATTICE_MESH=21 SYMCLF6D_LATTICE_SAMPLES=801 SYMCLF6D_SKIP_DEAD_ADAM=1 SYMCLF6D_SYSTEM=link2 SYMCLF6D_TEMPLATE=full SYMCLF6D_TEMPLATE_X0=1.0 SYMCLF_CMA_ELITE_COUNT=3 SYMCLF_CMA_ELITE_EVALS=2000 SYMCLF_CMA_ELITE_MAX_FITNESS=3000 SYMCLF_CMA_ELITE_POPSIZE=18 SYMCLF_CMA_ELITE_SEED=2 SYMCLF_CP3D_NESTED_PENALTY=50 SYMCLF_CP3D_ROA_C_TARGET=0.004 SYMCLF_CP3D_ROA_WEIGHT=500 SYMCLF_DET4_B_REL_TOL=1e-6 SYMCLF_DET4_GATE_KAPPA_CAP=1e6 SYMCLF_DET4_KAPPA_MIN=0 SYMCLF_DET4_ORIGIN_SEEDS=1 SYMCLF_DET4_PD_EPS=1e-4 SYMCLF_DET4_PEN_CV=10 SYMCLF_DET4_PEN_CV_TARGET=0.05 SYMCLF_DET4_PEN_KAPPA=100 SYMCLF_DET4_PEN_KAPPA_TARGET=1.0 SYMCLF_DET4_PEN_VOL=20 SYMCLF_DET4_PEN_VOL_TARGET=0.02 SYMCLF_DET4_PROJECT_ASCENT=1 SYMCLF_DET4_RHO=1000 SYMCLF_GPU2_TUNER_GENERATIONS=5 SYMCLF_GPU2_TUNER_RANDOM_POPULATION=35 SYMCLF_LENGTH_REG=0.005 SYMCLF_MAX_TREE_LENGTH=90 SYMCLF_TUNER_ADAM_EXIT_ZERO_GRAD=1 SYMCLF_TUNER_ADAM_PATIENCE=0 SYMCLF_TUNER_CONST_PERTURB_FRAC=0.5 SYMCLF_TUNER_CONST_RANGE=30 SYMCLF_TUNER_REFINE_LR=0.30 SYMCLF_TUNER_REFINE_STEPS=40 SYMCLF_TUNER_SKIP_ADAM_AT_ZERO=1 SYMCLF_V2_BOX=0.5,0.5,0.5,0.5 

numba warm-up done
Starting Ray head on s08n12 (attempt 1)...
2026-09-20 01:13:21,875	INFO usage_lib.py:474 -- Usage stats collection is enabled by default without user confirmation because this terminal is detected to be non-interactive. To disable this, add `--disable-usage-stats` to the command that starts the cluster, or run the following command: `ray disable-usage-stats` before starting the cluster. See https://docs.ray.io/en/master/cluster/usage-stats.html for more details.
2026-09-20 01:13:21,875	INFO scripts.py:940 -- [37mLocal node IP[39m: [1m10.10.8.12[22m
2026-09-20 01:13:24,466	SUCC scripts.py:979 -- [32m--------------------[39m
2026-09-20 01:13:24,466	SUCC scripts.py:980 -- [32mRay runtime started.[39m
2026-09-20 01:13:24,467	SUCC scripts.py:981 -- [32m--------------------[39m
2026-09-20 01:13:24,467	INFO scripts.py:983 -- [36mNext steps[39m
2026-09-20 01:13:24,467	INFO scripts.py:986 -- To add another node to this Ray cluster, run
2026-09-20 01:13:24,467	INFO scripts.py:989 -- [1m  ray start --address='10.10.8.12:47869'[22m
2026-09-20 01:13:24,467	INFO scripts.py:1000 -- To connect to this Ray cluster:
2026-09-20 01:13:24,467	INFO scripts.py:1002 -- [35mimport[39m[26m ray
2026-09-20 01:13:24,467	INFO scripts.py:1003 -- ray[35m.[39m[26minit(_node_ip_address[35m=[39m[26m[33m'10.10.8.12'[39m[26m)
2026-09-20 01:13:24,467	INFO scripts.py:1036 -- To terminate the Ray runtime, run
2026-09-20 01:13:24,467	INFO scripts.py:1037 -- [1m  ray stop[22m
2026-09-20 01:13:24,467	INFO scripts.py:1040 -- To view the status of the cluster, use
2026-09-20 01:13:24,467	INFO scripts.py:1041 --   [1mray status[22m[26m
2026-09-20 01:13:24,467	INFO scripts.py:1159 -- [36m[1m--block[22m[39m
2026-09-20 01:13:24,467	INFO scripts.py:1160 -- This command will now block forever until terminated by a signal.
2026-09-20 01:13:24,467	INFO scripts.py:1163 -- Running subprocesses are monitored and a message will be printed if any of them terminate unexpectedly. Subprocesses exit with SIGTERM will be treated as graceful, thus NOT reported.
2026-09-20 01:13:24,467	INFO scripts.py:1168 -- Process exit logs will be saved to: [1m/tmp/ray/session_2026-09-20_01-13-21_876068_668155/logs/ray_process_exit.log[22m[26m
2026-09-20 01:13:42,587	INFO scripts.py:1128 -- [37mLocal node IP[39m: [1m10.10.8.22[22m
2026-09-20 01:13:43,771	SUCC scripts.py:1144 -- [32m--------------------[39m
2026-09-20 01:13:43,772	SUCC scripts.py:1145 -- [32mRay runtime started.[39m
2026-09-20 01:13:43,772	SUCC scripts.py:1146 -- [32m--------------------[39m
2026-09-20 01:13:43,772	INFO scripts.py:1148 -- To terminate the Ray runtime, run
2026-09-20 01:13:43,772	INFO scripts.py:1149 -- [1m  ray stop[22m
2026-09-20 01:13:43,772	INFO scripts.py:1159 -- [36m[1m--block[22m[39m
2026-09-20 01:13:43,772	INFO scripts.py:1160 -- This command will now block forever until terminated by a signal.
2026-09-20 01:13:43,772	INFO scripts.py:1163 -- Running subprocesses are monitored and a message will be printed if any of them terminate unexpectedly. Subprocesses exit with SIGTERM will be treated as graceful, thus NOT reported.
2026-09-20 01:13:43,772	INFO scripts.py:1168 -- Process exit logs will be saved to: [1m/tmp/ray/session_2026-09-20_01-13-21_876068_668155/logs/ray_process_exit.log[22m[26m
all 2 Ray nodes registered
======== Autoscaler status: 2026-09-20 01:13:52.973056 ========
Node status
---------------------------------------------------------------
Active:
 1 node_30d139fa3e737caac06f8325f5abc2e7deae149ffec5ad97f3752eaf
 1 node_ba6039b9a19d1c622cc2c24a0b2d0a537de47430e16be5edef622348
Pending:
 (no pending nodes)
Recent failures:
 (no failures)

Resources
---------------------------------------------------------------
Total Usage:
 0.0/128.0 CPU
 0B/704.49GiB memory
 0B/301.92GiB object_store_memory

From request_resources:
 (none)
Pending Demands:
 (no resource demands)
Starting run.py (6-D GP) 01:13:54
6D Ray resources: {'node:10.10.8.22': 1.0, 'object_store_memory': 324187948646.0, 'CPU': 128.0, 'memory': 756438546842.0, 'node:10.10.8.12': 1.0, 'node:__internal_head__': 1.0}
6D system link2: box (0.5, 0.5, 0.5, 0.5) rho 1000.0 b-norm l1 grid 21^6 | hinges cv 10.0@0.05 kappa 100.0@1.0 vol 20.0@0.02
6D GP hyperparameters: population=2500 (num_individuals=500 x num_islands=5), generations=20000, crossover=0.7, mutation=0.3, reg_param=0.005, mig_freq=10, mig_frac=0.05
6D scheduling: 126 single-thread CPU actors on {'s08n12.prime.net': 63, 's08n22.prime.net': 63} | tuner SEA 36 x 5 + Adam 40 | max_len 90 | CMA 3 x 2000 evals, popsize 18, seed 2, gate 3000
Generating initial population(s)...
 Seeding population with individuals...
DONE.
Evaluating initial population(s)...
6D stages: candidates=500 s1_s=12.5 tune_mean_s=2.60 det4_candidates=2 det4_unique=2 det4_checked=2 det4_cached=0 s2_s=10.4 dead=211 certified=0 fitness_min=1.09676e+06 cma_runs=0 cma_certified=0 cma_best=nan cma_s=0.0 cache_entries=2
6D stages: candidates=500 s1_s=10.0 tune_mean_s=1.74 det4_candidates=4 det4_unique=4 det4_checked=4 det4_cached=0 s2_s=10.9 dead=235 certified=0 fitness_min=2.84382e+06 cma_runs=0 cma_certified=0 cma_best=nan cma_s=0.0 cache_entries=6
6D stages: candidates=500 s1_s=9.8 tune_mean_s=2.08 det4_candidates=2 det4_unique=2 det4_checked=2 det4_cached=0 s2_s=3.0 dead=210 certified=0 fitness_min=2.67668e+06 cma_runs=0 cma_certified=0 cma_best=nan cma_s=0.0 cache_entries=8
6D stages: candidates=500 s1_s=10.0 tune_mean_s=1.79 det4_candidates=3 det4_unique=3 det4_checked=3 det4_cached=0 s2_s=3.1 dead=230 certified=0 fitness_min=2.00854e+06 cma_runs=0 cma_certified=0 cma_best=nan cma_s=0.0 cache_entries=11
6D stages: candidates=500 s1_s=30.8 tune_mean_s=2.35 det4_candidates=5 det4_unique=5 det4_checked=5 det4_cached=0 s2_s=9.8 dead=228 certified=0 fitness_min=2.00854e+06 cma_runs=0 cma_certified=0 cma_best=nan cma_s=0.0 cache_entries=16
DONE.
 -= START OF EVOLUTION =- 
6D stages: candidates=2500 s1_s=30.0 tune_mean_s=2.45 det4_candidates=10 det4_unique=10 det4_checked=10 det4_cached=0 s2_s=11.2 dead=946 certified=0 fitness_min=1.00854e+06 cma_runs=0 cma_certified=0 cma_best=nan cma_s=0.0 cache_entries=26
   	     	                      fitness                      	             size             
   	     	---------------------------------------------------	------------------------------
gen	evals	min        	avg        	max  	std        	min	avg   	max	std   
1  	2500 	1.00854e+06	6.73763e+07	1e+08	4.42215e+07	2  	5.6416	125	4.2834
Best individuals of this generation:
sin(add(add(mul(x1, x1), mul(x2, x2)), mul(x3, x3)))
GEN 1 best fitness=1.00854e+06 len=12 :: grid=1.009e+06 [roa=8.54e+03] lattice c_v=0 kappa=-20 | extra=0.06 | dead (grid price stands, no check) | boundary_min=0 volume=0
6D stages: candidates=2500 s1_s=56.7 tune_mean_s=2.97 det4_candidates=20 det4_unique=20 det4_checked=20 det4_cached=0 s2_s=11.0 dead=1284 certified=0 fitness_min=1e+06 cma_runs=0 cma_certified=0 cma_best=nan cma_s=0.0 cache_entries=46
2  	2500 	1e+06      	3.45406e+07	1e+08	4.21082e+07	2  	5.0848	125	3.8261
Best individuals of this generation:
mul(mul(sin(x2), mul(a, sub(add(sin(x1), mul(x2, x3)), sin(sub(x4, x3))))), mul(sin(x4), sub(x2, x2)))
GEN 2 best fitness=1e+06 len=23 :: grid=1.009e+06 [roa=1.01e+06] lattice c_v=0 kappa=0 | extra=0.115 | det4 price=-8538 c_v*=-0 kappa*=na certified=False worst_r=na pen=10/100/20 | boundary_min=0 volume=0
6D stages: candidates=2500 s1_s=76.9 tune_mean_s=3.09 det4_candidates=34 det4_unique=34 det4_checked=33 det4_cached=1 s2_s=11.1 dead=1969 certified=0 fitness_min=8562 cma_runs=0 cma_certified=0 cma_best=nan cma_s=0.0 cache_entries=79
3  	2500 	8562       	4.83421e+06	1.15776e+07	1.74761e+06	2  	4.6472	23 	2.5172
Best individuals of this generation:
mul(mul(sin(x2), mul(a, x3)), mul(sin(x4), x1))
GEN 3 best fitness=8562 len=11 :: grid=8562 [roa=8.56e+03] lattice c_v=-2.42e-06 kappa=3796 | extra=0.055 | det4 price=-0.009823 c_v*=-2.419e-06 kappa*=-1e+06 certified=False worst_r=na pen=10/100/20 | boundary_min=-1.263e-06 volume=0
6D stages: candidates=2500 s1_s=84.3 tune_mean_s=3.21 det4_candidates=40 det4_unique=39 det4_checked=35 det4_cached=5 s2_s=10.3 dead=2140 certified=0 fitness_min=8544.78 cma_runs=0 cma_certified=0 cma_best=nan cma_s=0.0 cache_entries=114
4  	2500 	8544.78    	3.59794e+06	6.26334e+06	1.12162e+06	2  	5.2592	24 	2.8955
Best individuals of this generation:
mul(mul(mul(a, x3), a), mul(sin(x4), add(x1, x2)))
GEN 4 best fitness=8544.78 len=12 :: grid=8545 [roa=8.54e+03] lattice c_v=-6.965e-07 kappa=-8.106e+15 | extra=0.06 | det4 price=-0.001857 c_v*=-6.963e-07 kappa*=-1e+06 certified=False worst_r=na pen=10/100/20 | boundary_min=-4.777e-07 volume=0
6D stages: candidates=2500 s1_s=93.1 tune_mean_s=3.48 det4_candidates=81 det4_unique=79 det4_checked=75 det4_cached=5 s2_s=12.4 dead=2082 certified=0 fitness_min=8544.78 cma_runs=0 cma_certified=0 cma_best=nan cma_s=0.0 cache_entries=189
5  	2500 	8544.78    	2.83867e+06	4.54863e+06	901861     	3  	6.5644	25 	3.2788
Best individuals of this generation:
mul(mul(mul(a, x3), a), mul(sin(x4), add(x1, x2)))
GEN 5 best fitness=8544.78 len=12 :: grid=8545 [roa=8.54e+03] lattice c_v=-6.965e-07 kappa=-8.106e+15 | extra=0.06 | det4 price=-0.001857 c_v*=-6.963e-07 kappa*=-1e+06 certified=False worst_r=na pen=10/100/20 | boundary_min=-4.777e-07 volume=0
6D stages: candidates=2500 s1_s=115.8 tune_mean_s=3.66 det4_candidates=156 det4_unique=153 det4_checked=140 det4_cached=15 s2_s=12.8 dead=2033 certified=0 fitness_min=8537.84 cma_runs=0 cma_certified=0 cma_best=nan cma_s=0.0 cache_entries=329
6  	2500 	8537.84    	2.27672e+06	3.50854e+06	829836     	3  	7.8668	36 	3.9995
Best individuals of this generation:
sin(mul(add(a, mul(add(x2, x3), mul(sub(x1, x1), x4))), mul(x1, x1)))
GEN 6 best fitness=8537.84 len=16 :: grid=8538 [roa=8.54e+03] lattice c_v=0 kappa=-20 | extra=0.08 | det4 price=-1.819e-12 c_v*=0 kappa*=-1e+06 certified=False worst_r=na pen=10/100/20 | boundary_min=0 volume=0
6D stages: candidates=2500 s1_s=166.9 tune_mean_s=5.26 det4_candidates=316 det4_unique=312 det4_checked=286 det4_cached=28 s2_s=11.8 dead=1862 certified=0 fitness_min=8537.83 cma_runs=0 cma_certified=0 cma_best=nan cma_s=0.0 cache_entries=615
7  	2500 	8537.83    	1.78286e+06	3.00854e+06	887937     	3  	9.6608	36 	4.9947
Best individuals of this generation:
mul(mul(x4, x4), add(a, add(mul(x3, x2), add(mul(x3, x4), x1))))
GEN 7 best fitness=8537.83 len=15 :: grid=8538 [roa=8.54e+03] lattice c_v=0 kappa=1.708e+04 | extra=0.075 | det4 price=-1.819e-12 c_v*=0 kappa*=-1e+06 certified=False worst_r=na pen=10/100/20 | boundary_min=0 volume=0
6D stages: candidates=2500 s1_s=191.3 tune_mean_s=7.76 det4_candidates=580 det4_unique=566 det4_checked=497 det4_cached=78 s2_s=17.5 dead=1578 certified=0 fitness_min=8537.83 cma_runs=0 cma_certified=0 cma_best=nan cma_s=0.0 cache_entries=1112
8  	2500 	8537.83    	1.24223e+06	2.6752e+06 	836089     	5  	12.2488	40 	5.4225
Best individuals of this generation:
sin(mul(add(a, mul(mul(x3, x2), mul(x4, x2))), mul(x1, x1)))
GEN 8 best fitness=8537.83 len=14 :: grid=8538 [roa=8.54e+03] lattice c_v=0 kappa=-20 | extra=0.07 | det4 price=-1.819e-12 c_v*=0 kappa*=-1e+06 certified=False worst_r=na pen=10/100/20 | boundary_min=0 volume=0
6D stages: candidates=2500 s1_s=262.2 tune_mean_s=10.93 det4_candidates=841 det4_unique=833 det4_checked=744 det4_cached=94 s2_s=25.3 dead=1335 certified=0 fitness_min=8537.82 cma_runs=0 cma_certified=0 cma_best=nan cma_s=0.0 cache_entries=1856
9  	2500 	8537.82    	750360     	2.07507e+06	737966     	5  	14.3796	51 	6     
Best individuals of this generation:
sin(mul(add(a, mul(x3, mul(x4, x2))), mul(x1, x1)))
GEN 9 best fitness=8537.82 len=12 :: grid=8538 [roa=8.54e+03] lattice c_v=0 kappa=-20.04 | extra=0.06 | det4 price=-1.819e-12 c_v*=0 kappa*=-1e+06 certified=False worst_r=na pen=10/100/20 | boundary_min=0 volume=0
6D stages: candidates=2500 s1_s=372.9 tune_mean_s=16.35 det4_candidates=1189 det4_unique=1173 det4_checked=1038 det4_cached=146 s2_s=35.4 dead=981 certified=0 fitness_min=8537.82 cma_runs=0 cma_certified=0 cma_best=nan cma_s=0.0 cache_entries=2894
FLEX migration at generation 10: migRing, 25 individuals per island
10 	2500 	8537.82    	331365     	1.6438e+06 	490319     	7  	16.706 	51 	6.589 
Best individuals of this generation:
mul(sin(x2), add(mul(x4, mul(mul(x2, x1), x3)), x2))
GEN 10 best fitness=8537.82 len=12 :: grid=8538 [roa=8.54e+03] lattice c_v=0 kappa=-20.1 | extra=0.06 | det4 price=-1.819e-12 c_v*=0 kappa*=-1e+06 certified=False worst_r=na pen=10/100/20 | boundary_min=0 volume=0
6D stages: candidates=2500 s1_s=445.8 tune_mean_s=21.15 det4_candidates=1439 det4_unique=1416 det4_checked=1252 det4_cached=184 s2_s=43.2 dead=763 certified=0 fitness_min=8537.82 cma_runs=0 cma_certified=0 cma_best=nan cma_s=0.0 cache_entries=4146
11 	2500 	8537.82    	87851.8    	1.05988e+06	226013     	7  	18.8308	60 	7.0936
Best individuals of this generation:
mul(sin(x2), add(mul(x4, mul(mul(x2, x1), x3)), x2))
GEN 11 best fitness=8537.82 len=12 :: grid=8538 [roa=8.54e+03] lattice c_v=0 kappa=-20.1 | extra=0.06 | det4 price=-1.819e-12 c_v*=0 kappa*=-1e+06 certified=False worst_r=na pen=10/100/20 | boundary_min=0 volume=0
6D stages: candidates=2500 s1_s=565.7 tune_mean_s=25.28 det4_candidates=1589 det4_unique=1567 det4_checked=1416 det4_cached=166 s2_s=47.5 dead=621 certified=0 fitness_min=8537.82 cma_runs=0 cma_certified=0 cma_best=nan cma_s=0.0 cache_entries=5562
12 	2500 	8537.82    	8664.07    	11256.5    	283.327    	9  	20.612 	66 	7.6732
Best individuals of this generation:
mul(sin(x2), add(mul(x4, mul(mul(x2, x1), x3)), x2))
GEN 12 best fitness=8537.82 len=12 :: grid=8538 [roa=8.54e+03] lattice c_v=0 kappa=-20.1 | extra=0.06 | det4 price=-1.819e-12 c_v*=0 kappa*=-1e+06 certified=False worst_r=na pen=10/100/20 | boundary_min=0 volume=0
6D stages: candidates=2500 s1_s=547.2 tune_mean_s=28.06 det4_candidates=1588 det4_unique=1569 det4_checked=1385 det4_cached=198 s2_s=47.3 dead=590 certified=0 fitness_min=8537.81 cma_runs=0 cma_certified=0 cma_best=nan cma_s=0.0 cache_entries=6947
13 	2500 	8537.81    	8559.39    	8661.24    	26.121     	9  	22.43  	67 	8.4365
Best individuals of this generation:
mul(x2, add(mul(x4, mul(mul(x2, x1), x3)), x2))
GEN 13 best fitness=8537.81 len=11 :: grid=8538 [roa=8.54e+03] lattice c_v=0 kappa=-20.12 | extra=0.055 | det4 price=-1.819e-12 c_v*=0 kappa*=-1e+06 certified=False worst_r=na pen=10/100/20 | boundary_min=0 volume=0
