local env ready on all nodes in 73 s: python=/tmp/flex_147880/bin/python
V10 port: cma resumable=1 select=kappa cap=2500 first_cap=5000 deep=6 x 2500 slices=20 x 500
FLEX_MIGRATION_FIX=1 SYMCLF6D_B_NORM=l1 SYMCLF6D_GRID_POINTS=21 SYMCLF6D_LATTICE_LINES=9 SYMCLF6D_LATTICE_MESH=21 SYMCLF6D_LATTICE_SAMPLES=801 SYMCLF6D_SKIP_DEAD_ADAM=1 SYMCLF6D_SYSTEM=link2 SYMCLF6D_TEMPLATE=full SYMCLF6D_TEMPLATE_X0=1.0 SYMCLF_CMA_DEEP_COUNT=6 SYMCLF_CMA_DEEP_EVALS=2500 SYMCLF_CMA_ELITE_COUNT=3 SYMCLF_CMA_ELITE_EVALS=2000 SYMCLF_CMA_ELITE_MAX_FITNESS=10000 SYMCLF_CMA_ELITE_POPSIZE=18 SYMCLF_CMA_ELITE_SEED=2 SYMCLF_CMA_FIRST_MAX_EVALS=5000 SYMCLF_CMA_MAX_EVALS_PER_STRUCTURE=2500 SYMCLF_CMA_MAX_RESTARTS=9 SYMCLF_CMA_RESUMABLE=1 SYMCLF_CMA_SELECT=kappa SYMCLF_CMA_SLICE_COUNT=20 SYMCLF_CMA_SLICE_EVALS=500 SYMCLF_CP3D_NESTED_PENALTY=50 SYMCLF_CP3D_ROA_C_TARGET=0.004 SYMCLF_CP3D_ROA_WEIGHT=500 SYMCLF_DET4_B_REL_TOL=1e-6 SYMCLF_DET4_GATE_KAPPA_CAP=1e6 SYMCLF_DET4_KAPPA_MIN=0 SYMCLF_DET4_ORIGIN_SEEDS=1 SYMCLF_DET4_PD_EPS=1e-4 SYMCLF_DET4_PEN_CV=10 SYMCLF_DET4_PEN_CV_TARGET=0.05 SYMCLF_DET4_PEN_KAPPA=100 SYMCLF_DET4_PEN_KAPPA_TARGET=1.0 SYMCLF_DET4_PEN_VOL=20 SYMCLF_DET4_PEN_VOL_TARGET=0.02 SYMCLF_DET4_PROJECT_ASCENT=1 SYMCLF_DET4_RHO=1000 SYMCLF_GPU2_TUNER_GENERATIONS=5 SYMCLF_GPU2_TUNER_RANDOM_POPULATION=35 SYMCLF_LENGTH_REG=0.005 SYMCLF_MAX_TREE_LENGTH=90 SYMCLF_TUNER_ADAM_EXIT_ZERO_GRAD=1 SYMCLF_TUNER_ADAM_PATIENCE=0 SYMCLF_TUNER_CONST_PERTURB_FRAC=0.5 SYMCLF_TUNER_CONST_RANGE=30 SYMCLF_TUNER_REFINE_LR=0.30 SYMCLF_TUNER_REFINE_STEPS=40 SYMCLF_TUNER_SKIP_ADAM_AT_ZERO=1 SYMCLF_V2_BOX=0.5,0.5,0.5,0.5 

numba warm-up done
Starting Ray head on s08n12 (attempt 1)...
2026-09-20 03:52:34,303	INFO usage_lib.py:474 -- Usage stats collection is enabled by default without user confirmation because this terminal is detected to be non-interactive. To disable this, add `--disable-usage-stats` to the command that starts the cluster, or run the following command: `ray disable-usage-stats` before starting the cluster. See https://docs.ray.io/en/master/cluster/usage-stats.html for more details.
2026-09-20 03:52:34,304	INFO scripts.py:940 -- [37mLocal node IP[39m: [1m10.10.8.12[22m
2026-09-20 03:52:36,900	SUCC scripts.py:979 -- [32m--------------------[39m
2026-09-20 03:52:36,901	SUCC scripts.py:980 -- [32mRay runtime started.[39m
2026-09-20 03:52:36,901	SUCC scripts.py:981 -- [32m--------------------[39m
2026-09-20 03:52:36,901	INFO scripts.py:983 -- [36mNext steps[39m
2026-09-20 03:52:36,901	INFO scripts.py:986 -- To add another node to this Ray cluster, run
2026-09-20 03:52:36,901	INFO scripts.py:989 -- [1m  ray start --address='10.10.8.12:47880'[22m
2026-09-20 03:52:36,901	INFO scripts.py:1000 -- To connect to this Ray cluster:
2026-09-20 03:52:36,901	INFO scripts.py:1002 -- [35mimport[39m[26m ray
2026-09-20 03:52:36,901	INFO scripts.py:1003 -- ray[35m.[39m[26minit(_node_ip_address[35m=[39m[26m[33m'10.10.8.12'[39m[26m)
2026-09-20 03:52:36,901	INFO scripts.py:1036 -- To terminate the Ray runtime, run
2026-09-20 03:52:36,901	INFO scripts.py:1037 -- [1m  ray stop[22m
2026-09-20 03:52:36,901	INFO scripts.py:1040 -- To view the status of the cluster, use
2026-09-20 03:52:36,901	INFO scripts.py:1041 --   [1mray status[22m[26m
2026-09-20 03:52:36,901	INFO scripts.py:1159 -- [36m[1m--block[22m[39m
2026-09-20 03:52:36,901	INFO scripts.py:1160 -- This command will now block forever until terminated by a signal.
2026-09-20 03:52:36,901	INFO scripts.py:1163 -- Running subprocesses are monitored and a message will be printed if any of them terminate unexpectedly. Subprocesses exit with SIGTERM will be treated as graceful, thus NOT reported.
2026-09-20 03:52:36,901	INFO scripts.py:1168 -- Process exit logs will be saved to: [1m/tmp/ray/session_2026-09-20_03-52-34_304767_750068/logs/ray_process_exit.log[22m[26m
2026-09-20 03:52:54,995	INFO scripts.py:1128 -- [37mLocal node IP[39m: [1m10.10.8.22[22m
2026-09-20 03:52:56,185	SUCC scripts.py:1144 -- [32m--------------------[39m
2026-09-20 03:52:56,185	SUCC scripts.py:1145 -- [32mRay runtime started.[39m
2026-09-20 03:52:56,185	SUCC scripts.py:1146 -- [32m--------------------[39m
2026-09-20 03:52:56,185	INFO scripts.py:1148 -- To terminate the Ray runtime, run
2026-09-20 03:52:56,185	INFO scripts.py:1149 -- [1m  ray stop[22m
2026-09-20 03:52:56,186	INFO scripts.py:1159 -- [36m[1m--block[22m[39m
2026-09-20 03:52:56,186	INFO scripts.py:1160 -- This command will now block forever until terminated by a signal.
2026-09-20 03:52:56,186	INFO scripts.py:1163 -- Running subprocesses are monitored and a message will be printed if any of them terminate unexpectedly. Subprocesses exit with SIGTERM will be treated as graceful, thus NOT reported.
2026-09-20 03:52:56,186	INFO scripts.py:1168 -- Process exit logs will be saved to: [1m/tmp/ray/session_2026-09-20_03-52-34_304767_750068/logs/ray_process_exit.log[22m[26m
all 2 Ray nodes registered
======== Autoscaler status: 2026-09-20 03:53:05.409570 ========
Node status
---------------------------------------------------------------
Active:
 1 node_cc5f36b33944e3a8016f098fd1e44dc1b6f34552da6036b38799c6cd
 1 node_48d5bec1894118ac6e77b276ce8a3753cd022f65521108c14c488a33
Pending:
 (no pending nodes)
Recent failures:
 (no failures)

Resources
---------------------------------------------------------------
Total Usage:
 0.0/128.0 CPU
 0B/704.49GiB memory
 0B/301.92GiB object_store_memory

From request_resources:
 (none)
Pending Demands:
 (no resource demands)
Starting run.py (6-D GP) 03:53:06
6D Ray resources: {'object_store_memory': 324189178675.0, 'node:__internal_head__': 1.0, 'memory': 756441416909.0, 'node:10.10.8.12': 1.0, 'CPU': 128.0, 'node:10.10.8.22': 1.0}
6D system link2: box (0.5, 0.5, 0.5, 0.5) rho 1000.0 b-norm l1 grid 21^6 | hinges cv 10.0@0.05 kappa 100.0@1.0 vol 20.0@0.02
6D GP hyperparameters: population=2500 (num_individuals=500 x num_islands=5), generations=20000, crossover=0.7, mutation=0.3, reg_param=0.005, mig_freq=10, mig_frac=0.05
6D scheduling: 126 single-thread CPU actors on {'s08n12.prime.net': 63, 's08n22.prime.net': 63} | tuner SEA 36 x 5 + Adam 40 | max_len 90 | CMA 3 x 2000 evals, popsize 18, seed 2, gate 10000
Generating initial population(s)...
 Seeding population with individuals...
DONE.
Evaluating initial population(s)...
6D stages: candidates=500 s1_s=24.5 tune_mean_s=2.92 det4_candidates=5 det4_unique=5 det4_checked=5 det4_cached=0 s2_s=11.0 dead=216 certified=0 fitness_min=2.00854e+06 cma_runs=0 cma_certified=0 cma_best=nan cma_s=0.0 cache_entries=5
6D stages: candidates=500 s1_s=10.3 tune_mean_s=1.51 det4_candidates=0 det4_unique=0 det4_checked=0 det4_cached=0 s2_s=0.0 dead=235 certified=0 fitness_min=2.21226e+06 cma_runs=0 cma_certified=0 cma_best=nan cma_s=0.0 cache_entries=5
6D stages: candidates=500 s1_s=10.2 tune_mean_s=1.77 det4_candidates=2 det4_unique=2 det4_checked=2 det4_cached=0 s2_s=3.2 dead=197 certified=0 fitness_min=3.00854e+06 cma_runs=0 cma_certified=0 cma_best=nan cma_s=0.0 cache_entries=7
6D stages: candidates=500 s1_s=29.7 tune_mean_s=1.96 det4_candidates=4 det4_unique=4 det4_checked=4 det4_cached=0 s2_s=3.1 dead=223 certified=0 fitness_min=8541.28 cma_runs=0 cma_certified=0 cma_best=nan cma_s=0.0 cache_entries=11
6D stages: candidates=500 s1_s=10.8 tune_mean_s=1.79 det4_candidates=4 det4_unique=4 det4_checked=4 det4_cached=0 s2_s=3.1 dead=221 certified=0 fitness_min=3.00854e+06 cma_runs=0 cma_certified=0 cma_best=nan cma_s=0.0 cache_entries=15
DONE.
 -= START OF EVOLUTION =- 
6D stages: candidates=2500 s1_s=40.1 tune_mean_s=2.44 det4_candidates=12 det4_unique=11 det4_checked=11 det4_cached=0 s2_s=11.0 dead=918 certified=0 fitness_min=1.18171e+06 cma_runs=0 cma_certified=0 cma_best=nan cma_s=0.0 cache_entries=26
   	     	                  fitness                  	             size             
   	     	-------------------------------------------	------------------------------
gen	evals	min    	avg        	max  	std        	min	avg   	max	std   
1  	2500 	8541.28	6.81746e+07	1e+08	4.39365e+07	2  	5.6824	125	4.3291
Best individuals of this generation:
mul(mul(mul(x1, x2), mul(a, a)), add(sub(x2, x3), sub(x4, x2)))
GEN 1 best fitness=8541.28 len=15 :: grid=8541 [roa=8.54e+03] lattice c_v=-3.451e-07 kappa=5918 | extra=0.075 | det4 price=0 c_v*=-3.451e-07 kappa*=-1e+06 certified=False worst_r=na pen=10/100/20 | boundary_min=-2.3e-07 volume=0
6D stages: candidates=2500 s1_s=53.8 tune_mean_s=2.90 det4_candidates=19 det4_unique=19 det4_checked=18 det4_cached=1 s2_s=11.1 dead=1267 certified=0 fitness_min=8655.58 cma_runs=0 cma_certified=0 cma_best=nan cma_s=0.0 cache_entries=44
2  	2500 	8541.28	3.63774e+07	1e+08	4.2566e+07 	2  	5.1384	125	3.9071
Best individuals of this generation:
mul(mul(mul(x1, x2), mul(a, a)), add(sub(x2, x3), sub(x4, x2)))
GEN 2 best fitness=8541.28 len=15 :: grid=8541 [roa=8.54e+03] lattice c_v=-3.451e-07 kappa=5918 | extra=0.075 | det4 price=0 c_v*=-3.451e-07 kappa*=-1e+06 certified=False worst_r=na pen=10/100/20 | boundary_min=-2.3e-07 volume=0
6D stages: candidates=2500 s1_s=70.6 tune_mean_s=2.86 det4_candidates=35 det4_unique=35 det4_checked=32 det4_cached=3 s2_s=11.8 dead=1928 certified=0 fitness_min=8546.17 cma_runs=0 cma_certified=0 cma_best=nan cma_s=0.0 cache_entries=76
3  	2500 	8541.28	5.14786e+06	1.23505e+07	1.82843e+06	2  	4.492 	21 	2.4256
Best individuals of this generation:
mul(mul(mul(x1, x2), mul(a, a)), add(sub(x2, x3), sub(x4, x2)))
GEN 3 best fitness=8541.28 len=15 :: grid=8541 [roa=8.54e+03] lattice c_v=-3.451e-07 kappa=5918 | extra=0.075 | det4 price=0 c_v*=-3.451e-07 kappa*=-1e+06 certified=False worst_r=na pen=10/100/20 | boundary_min=-2.3e-07 volume=0
6D stages: candidates=2500 s1_s=87.0 tune_mean_s=3.28 det4_candidates=52 det4_unique=51 det4_checked=45 det4_cached=6 s2_s=11.1 dead=2110 certified=0 fitness_min=8537.86 cma_runs=0 cma_certified=0 cma_best=nan cma_s=0.0 cache_entries=121
4  	2500 	8537.86	3.83529e+06	7.00645e+06	1.12703e+06	2  	4.9124	27 	2.9068
Best individuals of this generation:
mul(add(mul(x3, x2), sub(x4, x4)), mul(mul(sin(x3), sin(x2)), mul(sub(x1, x4), sub(x1, x4))))
GEN 4 best fitness=8537.86 len=21 :: grid=8538 [roa=8.54e+03] lattice c_v=-3.1e-18 kappa=4257 | extra=0.105 | det4 price=-3.274e-11 c_v*=0 kappa*=-1e+06 certified=False worst_r=na pen=10/100/20 | boundary_min=0 volume=0
6D stages: candidates=2500 s1_s=91.9 tune_mean_s=3.29 det4_candidates=88 det4_unique=86 det4_checked=76 det4_cached=11 s2_s=12.6 dead=2102 certified=0 fitness_min=8537.86 cma_runs=0 cma_certified=0 cma_best=nan cma_s=0.0 cache_entries=197
5  	2500 	8537.86	3.06045e+06	5.00854e+06	923149     	2  	6.1204	27 	3.3115
Best individuals of this generation:
mul(add(mul(x3, x2), sub(x4, x4)), mul(mul(sin(x3), sin(x2)), mul(sub(x1, x4), sub(x1, x4))))
GEN 5 best fitness=8537.86 len=21 :: grid=8538 [roa=8.54e+03] lattice c_v=-3.1e-18 kappa=4257 | extra=0.105 | det4 price=-3.274e-11 c_v*=0 kappa*=-1e+06 certified=False worst_r=na pen=10/100/20 | boundary_min=0 volume=0
6D stages: candidates=2500 s1_s=105.0 tune_mean_s=3.84 det4_candidates=150 det4_unique=148 det4_checked=129 det4_cached=21 s2_s=12.8 dead=2020 certified=0 fitness_min=8537.87 cma_runs=0 cma_certified=0 cma_best=nan cma_s=0.0 cache_entries=326
6  	2500 	8537.86	2.45256e+06	4.00854e+06	836473     	3  	7.4164	29 	4.0009
Best individuals of this generation:
mul(add(mul(x3, x2), sub(x4, x4)), mul(mul(sin(x3), sin(x2)), mul(sub(x1, x4), sub(x1, x4))))
GEN 6 best fitness=8537.86 len=21 :: grid=8538 [roa=8.54e+03] lattice c_v=-3.1e-18 kappa=4257 | extra=0.105 | det4 price=-3.274e-11 c_v*=0 kappa*=-1e+06 certified=False worst_r=na pen=10/100/20 | boundary_min=0 volume=0
6D stages: candidates=2500 s1_s=113.9 tune_mean_s=4.99 det4_candidates=284 det4_unique=277 det4_checked=250 det4_cached=30 s2_s=10.0 dead=1891 certified=0 fitness_min=8537.83 cma_runs=0 cma_certified=0 cma_best=nan cma_s=0.0 cache_entries=576
7  	2500 	8537.83	1.92328e+06	3.00854e+06	850322     	3  	9.6728	29 	4.6625
Best individuals of this generation:
mul(mul(sub(add(x4, sub(x1, x4)), x1), a), add(x4, sub(x3, x2)))
GEN 7 best fitness=8537.83 len=15 :: grid=8538 [roa=8.54e+03] lattice c_v=-1.091e-18 kappa=2041 | extra=0.075 | det4 price=-1.091e-11 c_v*=-7.95e-20 kappa*=-1e+06 certified=False worst_r=na pen=10/100/20 | boundary_min=-3.523e-20 volume=0
6D stages: candidates=2500 s1_s=160.5 tune_mean_s=7.14 det4_candidates=512 det4_unique=503 det4_checked=452 det4_cached=55 s2_s=16.5 dead=1669 certified=0 fitness_min=8537.82 cma_runs=0 cma_certified=0 cma_best=nan cma_s=0.0 cache_entries=1028
8  	2500 	8537.82	1.40071e+06	3.00854e+06	846756     	3  	12.0104	42 	5.3119
Best individuals of this generation:
mul(mul(x2, add(a, sin(mul(sub(x4, x1), x3)))), x2)
GEN 8 best fitness=8537.82 len=12 :: grid=8538 [roa=8.54e+03] lattice c_v=0 kappa=-20 | extra=0.06 | det4 price=-1.819e-12 c_v*=0 kappa*=-1e+06 certified=False worst_r=na pen=10/100/20 | boundary_min=0 volume=0
6D stages: candidates=2500 s1_s=271.1 tune_mean_s=11.01 det4_candidates=867 det4_unique=847 det4_checked=756 det4_cached=103 s2_s=26.1 dead=1292 certified=0 fitness_min=8537.83 cma_runs=0 cma_certified=0 cma_best=nan cma_s=0.0 cache_entries=1784
9  	2500 	8537.82	865567     	2.54536e+06	756731     	5  	14.5968	44 	5.643 
Best individuals of this generation:
mul(mul(x2, add(a, sin(mul(sub(x4, x1), x3)))), x2)
GEN 9 best fitness=8537.82 len=12 :: grid=8538 [roa=8.54e+03] lattice c_v=0 kappa=-20 | extra=0.06 | det4 price=-1.819e-12 c_v*=0 kappa*=-1e+06 certified=False worst_r=na pen=10/100/20 | boundary_min=0 volume=0
6D stages: candidates=2500 s1_s=327.6 tune_mean_s=15.18 det4_candidates=1130 det4_unique=1106 det4_checked=1004 det4_cached=118 s2_s=34.0 dead=1057 certified=0 fitness_min=8537.82 cma_runs=0 cma_certified=0 cma_best=nan cma_s=0.0 cache_entries=2788
FLEX migration at generation 10: migRing, 25 individuals per island
10 	2500 	8537.82	489206     	2.03502e+06	655227     	5  	16.7908	47 	5.9196
Best individuals of this generation:
mul(mul(x2, add(a, sin(mul(sub(x4, x1), x3)))), x2)
GEN 10 best fitness=8537.82 len=12 :: grid=8538 [roa=8.54e+03] lattice c_v=0 kappa=-20 | extra=0.06 | det4 price=-1.819e-12 c_v*=0 kappa*=-1e+06 certified=False worst_r=na pen=10/100/20 | boundary_min=0 volume=0
