local env ready on all nodes in 73 s: python=/tmp/flex_147954/bin/python
V10 port: cma resumable=1 select=kappa cap=2500 first_cap=5000 deep=6 x 2500 slices=20 x 500
FLEX_MIGRATION_FIX=1 SYMCLF6D_B_NORM=l1 SYMCLF6D_GRID_POINTS=21 SYMCLF6D_LATTICE_LINES=9 SYMCLF6D_LATTICE_MESH=21 SYMCLF6D_LATTICE_SAMPLES=801 SYMCLF6D_SKIP_DEAD_ADAM=1 SYMCLF6D_SYSTEM=link2 SYMCLF6D_TEMPLATE=full SYMCLF6D_TEMPLATE_X0=1.0 SYMCLF_CMA_DEEP_COUNT=6 SYMCLF_CMA_DEEP_EVALS=2500 SYMCLF_CMA_ELITE_COUNT=3 SYMCLF_CMA_ELITE_EVALS=2000 SYMCLF_CMA_ELITE_MAX_FITNESS=10000 SYMCLF_CMA_ELITE_POPSIZE=18 SYMCLF_CMA_ELITE_SEED=2 SYMCLF_CMA_FIRST_MAX_EVALS=5000 SYMCLF_CMA_MAX_EVALS_PER_STRUCTURE=2500 SYMCLF_CMA_MAX_RESTARTS=100 SYMCLF_CMA_RESUMABLE=1 SYMCLF_CMA_SELECT=kappa SYMCLF_CMA_SLICE_COUNT=20 SYMCLF_CMA_SLICE_EVALS=500 SYMCLF_CP3D_NESTED_PENALTY=50 SYMCLF_CP3D_ROA_C_TARGET=0.004 SYMCLF_CP3D_ROA_WEIGHT=500 SYMCLF_DET4_B_REL_TOL=1e-6 SYMCLF_DET4_GATE_KAPPA_CAP=1e6 SYMCLF_DET4_KAPPA_MIN=0 SYMCLF_DET4_ORIGIN_SEEDS=1 SYMCLF_DET4_PD_EPS=1e-4 SYMCLF_DET4_PEN_CV=10 SYMCLF_DET4_PEN_CV_TARGET=0.05 SYMCLF_DET4_PEN_KAPPA=100 SYMCLF_DET4_PEN_KAPPA_TARGET=1.0 SYMCLF_DET4_PEN_VOL=20 SYMCLF_DET4_PEN_VOL_TARGET=0.02 SYMCLF_DET4_PROJECT_ASCENT=1 SYMCLF_DET4_RHO=1000 SYMCLF_GPU2_TUNER_GENERATIONS=5 SYMCLF_GPU2_TUNER_RANDOM_POPULATION=35 SYMCLF_LENGTH_REG=0.005 SYMCLF_MAX_TREE_LENGTH=90 SYMCLF_TUNER_ADAM_EXIT_ZERO_GRAD=1 SYMCLF_TUNER_ADAM_PATIENCE=0 SYMCLF_TUNER_CONST_PERTURB_FRAC=0.5 SYMCLF_TUNER_CONST_RANGE=30 SYMCLF_TUNER_REFINE_LR=0.30 SYMCLF_TUNER_REFINE_STEPS=40 SYMCLF_TUNER_SKIP_ADAM_AT_ZERO=1 SYMCLF_V2_BOX=0.5,0.5,0.5,0.5 

numba warm-up done
Starting Ray head on s08n12 (attempt 1)...
2026-09-20 21:14:17,431	INFO usage_lib.py:474 -- Usage stats collection is enabled by default without user confirmation because this terminal is detected to be non-interactive. To disable this, add `--disable-usage-stats` to the command that starts the cluster, or run the following command: `ray disable-usage-stats` before starting the cluster. See https://docs.ray.io/en/master/cluster/usage-stats.html for more details.
2026-09-20 21:14:17,431	INFO scripts.py:940 -- [37mLocal node IP[39m: [1m10.10.8.12[22m
2026-09-20 21:14:20,038	SUCC scripts.py:979 -- [32m--------------------[39m
2026-09-20 21:14:20,038	SUCC scripts.py:980 -- [32mRay runtime started.[39m
2026-09-20 21:14:20,038	SUCC scripts.py:981 -- [32m--------------------[39m
2026-09-20 21:14:20,038	INFO scripts.py:983 -- [36mNext steps[39m
2026-09-20 21:14:20,038	INFO scripts.py:986 -- To add another node to this Ray cluster, run
2026-09-20 21:14:20,038	INFO scripts.py:989 -- [1m  ray start --address='10.10.8.12:47954'[22m
2026-09-20 21:14:20,038	INFO scripts.py:1000 -- To connect to this Ray cluster:
2026-09-20 21:14:20,038	INFO scripts.py:1002 -- [35mimport[39m[26m ray
2026-09-20 21:14:20,038	INFO scripts.py:1003 -- ray[35m.[39m[26minit(_node_ip_address[35m=[39m[26m[33m'10.10.8.12'[39m[26m)
2026-09-20 21:14:20,038	INFO scripts.py:1036 -- To terminate the Ray runtime, run
2026-09-20 21:14:20,038	INFO scripts.py:1037 -- [1m  ray stop[22m
2026-09-20 21:14:20,038	INFO scripts.py:1040 -- To view the status of the cluster, use
2026-09-20 21:14:20,038	INFO scripts.py:1041 --   [1mray status[22m[26m
2026-09-20 21:14:20,039	INFO scripts.py:1159 -- [36m[1m--block[22m[39m
2026-09-20 21:14:20,039	INFO scripts.py:1160 -- This command will now block forever until terminated by a signal.
2026-09-20 21:14:20,039	INFO scripts.py:1163 -- Running subprocesses are monitored and a message will be printed if any of them terminate unexpectedly. Subprocesses exit with SIGTERM will be treated as graceful, thus NOT reported.
2026-09-20 21:14:20,039	INFO scripts.py:1168 -- Process exit logs will be saved to: [1m/tmp/ray/session_2026-09-20_21-14-17_431987_1261160/logs/ray_process_exit.log[22m[26m
2026-09-20 21:14:38,134	INFO scripts.py:1128 -- [37mLocal node IP[39m: [1m10.10.8.22[22m
2026-09-20 21:14:39,324	SUCC scripts.py:1144 -- [32m--------------------[39m
2026-09-20 21:14:39,324	SUCC scripts.py:1145 -- [32mRay runtime started.[39m
2026-09-20 21:14:39,324	SUCC scripts.py:1146 -- [32m--------------------[39m
2026-09-20 21:14:39,324	INFO scripts.py:1148 -- To terminate the Ray runtime, run
2026-09-20 21:14:39,324	INFO scripts.py:1149 -- [1m  ray stop[22m
2026-09-20 21:14:39,324	INFO scripts.py:1159 -- [36m[1m--block[22m[39m
2026-09-20 21:14:39,324	INFO scripts.py:1160 -- This command will now block forever until terminated by a signal.
2026-09-20 21:14:39,324	INFO scripts.py:1163 -- Running subprocesses are monitored and a message will be printed if any of them terminate unexpectedly. Subprocesses exit with SIGTERM will be treated as graceful, thus NOT reported.
2026-09-20 21:14:39,324	INFO scripts.py:1168 -- Process exit logs will be saved to: [1m/tmp/ray/session_2026-09-20_21-14-17_431987_1261160/logs/ray_process_exit.log[22m[26m
all 2 Ray nodes registered
======== Autoscaler status: 2026-09-20 21:14:48.547742 ========
Node status
---------------------------------------------------------------
Active:
 1 node_a28d3a558dcd47b9fa62ebe93f4127113a75283937f7cfc97a25ba0b
 1 node_f9bac79466161a4e46bca97f639ca70d916d1783fc6acd04790a0bfc
Pending:
 (no pending nodes)
Recent failures:
 (no failures)

Resources
---------------------------------------------------------------
Total Usage:
 0.0/128.0 CPU
 0B/704.49GiB memory
 0B/301.92GiB object_store_memory

From request_resources:
 (none)
Pending Demands:
 (no resource demands)
Starting run.py (6-D GP) 21:14:49
6D Ray resources: {'CPU': 128.0, 'object_store_memory': 324188440165.0, 'node:10.10.8.12': 1.0, 'node:__internal_head__': 1.0, 'memory': 756439693723.0, 'node:10.10.8.22': 1.0}
6D system link2: box (0.5, 0.5, 0.5, 0.5) rho 1000.0 b-norm l1 grid 21^6 | hinges cv 10.0@0.05 kappa 100.0@1.0 vol 20.0@0.02
6D GP hyperparameters: population=2500 (num_individuals=500 x num_islands=5), generations=20000, crossover=0.7, mutation=0.3, reg_param=0.005, mig_freq=10, mig_frac=0.05
6D scheduling: 126 single-thread CPU actors on {'s08n12.prime.net': 62, 's08n22.prime.net': 64} | tuner SEA 36 x 5 + Adam 40 | max_len 90 | CMA 3 x 2000 evals, popsize 18, seed 2, gate 10000
Generating initial population(s)...
 Seeding population with individuals... (3 of 5 islands)
DONE.
Evaluating initial population(s)...
6D stages: candidates=500 s1_s=34.0 tune_mean_s=2.73 det4_candidates=5 det4_unique=5 det4_checked=5 det4_cached=0 s2_s=11.1 dead=203 certified=0 fitness_min=2.00854e+06 cma_runs=0 cma_certified=0 cma_best=nan cma_s=0.3 cache_entries=5 seed_exprs=2 seeds_in_entries=2 states=0
6D stages: candidates=500 s1_s=10.1 tune_mean_s=1.97 det4_candidates=2 det4_unique=2 det4_checked=2 det4_cached=0 s2_s=3.0 dead=209 certified=0 fitness_min=2.05277e+06 cma_runs=0 cma_certified=0 cma_best=nan cma_s=0.0 cache_entries=7 seed_exprs=2 seeds_in_entries=2 states=0
6D stages: candidates=500 s1_s=10.8 tune_mean_s=2.04 det4_candidates=0 det4_unique=0 det4_checked=0 det4_cached=0 s2_s=0.0 dead=229 certified=0 fitness_min=2.00854e+06 cma_runs=0 cma_certified=0 cma_best=nan cma_s=0.0 cache_entries=7 seed_exprs=2 seeds_in_entries=2 states=0
6D stages: candidates=500 s1_s=10.4 tune_mean_s=1.85 det4_candidates=0 det4_unique=0 det4_checked=0 det4_cached=0 s2_s=0.0 dead=221 certified=0 fitness_min=1.53427e+06 cma_runs=0 cma_certified=0 cma_best=nan cma_s=0.0 cache_entries=7 seed_exprs=2 seeds_in_entries=0 states=0
6D stages: candidates=500 s1_s=30.3 tune_mean_s=1.88 det4_candidates=3 det4_unique=3 det4_checked=3 det4_cached=0 s2_s=3.1 dead=227 certified=0 fitness_min=362909 cma_runs=0 cma_certified=0 cma_best=nan cma_s=0.0 cache_entries=10 seed_exprs=2 seeds_in_entries=0 states=0
DONE.
 -= START OF EVOLUTION =- 
6D stages: candidates=2500 s1_s=26.7 tune_mean_s=2.41 det4_candidates=14 det4_unique=14 det4_checked=14 det4_cached=0 s2_s=11.2 dead=947 certified=0 fitness_min=2.00854e+06 cma_runs=0 cma_certified=0 cma_best=nan cma_s=0.0 cache_entries=24 seed_exprs=2 seeds_in_entries=1 states=0
   	     	                 fitness                  	             size             
   	     	------------------------------------------	------------------------------
gen	evals	min   	avg       	max  	std       	min	avg   	max	std   
1  	2500 	362909	6.8817e+07	1e+08	4.3688e+07	2  	5.8744	125	5.5054
Best individuals of this generation:
mul(mul(sub(x3, x1), add(a, a)), sub(add(x1, x2), add(x4, x1)))
GEN 1 best fitness=362909 len=15 :: grid=3.629e+05 [roa=3.63e+05] lattice c_v=-0.03544 kappa=5963 | extra=0.075 | det4 price=-2.328e-10 c_v*=-0.03544 kappa*=-1e+06 certified=False worst_r=na pen=10/100/20 | boundary_min=-0.03544 volume=0
